Archive member included to satisfy reference by file (symbol)

c:/program files (x86)/atmel/studio/7.0/toolchain/avr8/avr8-gnu-toolchain/bin/../lib/gcc/avr/4.9.2/avrxmega2\libgcc.a(_udivmodhi4.o)
                              src/ASF/xmega/drivers/usb/usb_device.o (__udivmodhi4)
c:/program files (x86)/atmel/studio/7.0/toolchain/avr8/avr8-gnu-toolchain/bin/../lib/gcc/avr/4.9.2/avrxmega2\libgcc.a(_exit.o)
                              C:/Program Files (x86)/Atmel/Studio/7.0/Packs/atmel/XMEGAA_DFP/1.0.39/gcc/dev/atxmega32a4u/avrxmega2/crtatxmega32a4u.o (exit)
c:/program files (x86)/atmel/studio/7.0/toolchain/avr8/avr8-gnu-toolchain/bin/../lib/gcc/avr/4.9.2/avrxmega2\libgcc.a(_tablejump2.o)
                              src/ASF/common/services/usb/udc/udc.o (__tablejump2__)
c:/program files (x86)/atmel/studio/7.0/toolchain/avr8/avr8-gnu-toolchain/bin/../lib/gcc/avr/4.9.2/avrxmega2\libgcc.a(_copy_data.o)
                              src/tiny_calibration.o (__do_copy_data)
c:/program files (x86)/atmel/studio/7.0/toolchain/avr8/avr8-gnu-toolchain/bin/../lib/gcc/avr/4.9.2/avrxmega2\libgcc.a(_clear_bss.o)
                              src/tiny_calibration.o (__do_clear_bss)
c:/program files (x86)/atmel/studio/7.0/toolchain/avr8/avr8-gnu-toolchain/bin/../lib/gcc/avr/4.9.2/../../../../avr/lib/avrxmega2\libc.a(memcpy.o)
                              src/ASF/xmega/drivers/nvm/nvm.o (memcpy)

Allocating common symbols
Common symbol       size              file

debug_counter       0x4               src/main.o
dacBuf_CH1          0x200             src/main.o
udd_g_ctrlreq       0x10              src/main.o
sleepmgr_locks      0x6               src/ASF/common/services/sleepmgr/xmega/sleepmgr.o
calTemp             0x2               src/tiny_calibration.o
dacBuf_CH2          0x200             src/main.o
isoBuf              0x5dc             src/main.o
cntCnt              0x200             src/main.o
gradient            0x2               src/tiny_calibration.o

Discarded input sections

 .data          0x00000000        0x0 C:/Program Files (x86)/Atmel/Studio/7.0/Packs/atmel/XMEGAA_DFP/1.0.39/gcc/dev/atxmega32a4u/avrxmega2/crtatxmega32a4u.o
 .bss           0x00000000        0x0 C:/Program Files (x86)/Atmel/Studio/7.0/Packs/atmel/XMEGAA_DFP/1.0.39/gcc/dev/atxmega32a4u/avrxmega2/crtatxmega32a4u.o
 .text          0x00000000        0x0 src/tiny_calibration.o
 .data          0x00000000        0x0 src/tiny_calibration.o
 .bss           0x00000000        0x0 src/tiny_calibration.o
 .text.tiny_calibration_safe_add
                0x00000000       0xc4 src/tiny_calibration.o
 .text.tiny_distance_from_centre
                0x00000000       0x10 src/tiny_calibration.o
 .bss.deadTime  0x00000000        0x1 src/tiny_calibration.o
 .text          0x00000000        0x0 src/tiny_dig.o
 .data          0x00000000        0x0 src/tiny_dig.o
 .bss           0x00000000        0x0 src/tiny_dig.o
 .text          0x00000000        0x0 src/ASF/common/boards/user_board/init.o
 .data          0x00000000        0x0 src/ASF/common/boards/user_board/init.o
 .bss           0x00000000        0x0 src/ASF/common/boards/user_board/init.o
 .text          0x00000000        0x0 src/ASF/common/services/ioport/xmega/ioport_compat.o
 .data          0x00000000        0x0 src/ASF/common/services/ioport/xmega/ioport_compat.o
 .bss           0x00000000        0x0 src/ASF/common/services/ioport/xmega/ioport_compat.o
 .comment       0x00000000       0x31 src/ASF/common/services/ioport/xmega/ioport_compat.o
 .text          0x00000000        0x0 src/main.o
 .data          0x00000000        0x0 src/main.o
 .bss           0x00000000        0x0 src/main.o
 .bss.tripleUsbSuccess
                0x00000000        0x1 src/main.o
 .data.test_byte
                0x00000000        0x1 src/main.o
 .text          0x00000000        0x0 src/tiny_adc.o
 .data          0x00000000        0x0 src/tiny_adc.o
 .bss           0x00000000        0x0 src/tiny_adc.o
 .text          0x00000000        0x0 src/tiny_dac.o
 .data          0x00000000        0x0 src/tiny_dac.o
 .bss           0x00000000        0x0 src/tiny_dac.o
 .text          0x00000000        0x0 src/tiny_dma.o
 .data          0x00000000        0x0 src/tiny_dma.o
 .bss           0x00000000        0x0 src/tiny_dma.o
 .text.tiny_dma_loop_mode_0
                0x00000000        0x2 src/tiny_dma.o
 .text.tiny_dma_loop_mode_1
                0x00000000        0x2 src/tiny_dma.o
 .text.tiny_dma_loop_mode_2
                0x00000000        0x2 src/tiny_dma.o
 .text.tiny_dma_loop_mode_3
                0x00000000        0x2 src/tiny_dma.o
 .text.tiny_dma_loop_mode_4
                0x00000000        0x2 src/tiny_dma.o
 .text.tiny_dma_loop_mode_6
                0x00000000        0x2 src/tiny_dma.o
 .text.tiny_dma_loop_mode_7
                0x00000000        0x2 src/tiny_dma.o
 .text          0x00000000        0x0 src/tiny_timer.o
 .data          0x00000000        0x0 src/tiny_timer.o
 .bss           0x00000000        0x0 src/tiny_timer.o
 .text          0x00000000        0x0 src/tiny_uart.o
 .data          0x00000000        0x0 src/tiny_uart.o
 .bss           0x00000000        0x0 src/tiny_uart.o
 .text          0x00000000        0x0 src/ASF/common/services/usb/class/vendor/device/example/atxmega256a3bu_xmega_a3bu_xplained/ui.o
 .data          0x00000000        0x0 src/ASF/common/services/usb/class/vendor/device/example/atxmega256a3bu_xmega_a3bu_xplained/ui.o
 .bss           0x00000000        0x0 src/ASF/common/services/usb/class/vendor/device/example/atxmega256a3bu_xmega_a3bu_xplained/ui.o
 .text.ui_init  0x00000000        0x2 src/ASF/common/services/usb/class/vendor/device/example/atxmega256a3bu_xmega_a3bu_xplained/ui.o
 .text.ui_powerdown
                0x00000000        0x2 src/ASF/common/services/usb/class/vendor/device/example/atxmega256a3bu_xmega_a3bu_xplained/ui.o
 .text.ui_wakeup
                0x00000000        0x2 src/ASF/common/services/usb/class/vendor/device/example/atxmega256a3bu_xmega_a3bu_xplained/ui.o
 .text.ui_loop_back_state
                0x00000000        0x2 src/ASF/common/services/usb/class/vendor/device/example/atxmega256a3bu_xmega_a3bu_xplained/ui.o
 .text.ui_process
                0x00000000        0x2 src/ASF/common/services/usb/class/vendor/device/example/atxmega256a3bu_xmega_a3bu_xplained/ui.o
 .comment       0x00000000       0x31 src/ASF/common/services/usb/class/vendor/device/example/atxmega256a3bu_xmega_a3bu_xplained/ui.o
 .text          0x00000000        0x0 src/ASF/common/services/clock/xmega/sysclk.o
 .data          0x00000000        0x0 src/ASF/common/services/clock/xmega/sysclk.o
 .bss           0x00000000        0x0 src/ASF/common/services/clock/xmega/sysclk.o
 .text.sysclk_init
                0x00000000       0xb0 src/ASF/common/services/clock/xmega/sysclk.o
 .text.sysclk_disable_module
                0x00000000       0x16 src/ASF/common/services/clock/xmega/sysclk.o
 .text.sysclk_disable_usb
                0x00000000       0x12 src/ASF/common/services/clock/xmega/sysclk.o
 .text          0x00000000        0x0 src/ASF/common/services/sleepmgr/xmega/sleepmgr.o
 .data          0x00000000        0x0 src/ASF/common/services/sleepmgr/xmega/sleepmgr.o
 .bss           0x00000000        0x0 src/ASF/common/services/sleepmgr/xmega/sleepmgr.o
 .data.sleepmgr_configs
                0x00000000        0x6 src/ASF/common/services/sleepmgr/xmega/sleepmgr.o
 .text          0x00000000        0x0 src/ASF/common/services/usb/class/vendor/device/udi_vendor.o
 .data          0x00000000        0x0 src/ASF/common/services/usb/class/vendor/device/udi_vendor.o
 .bss           0x00000000        0x0 src/ASF/common/services/usb/class/vendor/device/udi_vendor.o
 .text.udi_vendor_iso_out_run
                0x00000000       0x18 src/ASF/common/services/usb/class/vendor/device/udi_vendor.o
 .text          0x00000000        0x0 src/ASF/common/services/usb/class/vendor/device/udi_vendor_desc.o
 .data          0x00000000        0x0 src/ASF/common/services/usb/class/vendor/device/udi_vendor_desc.o
 .bss           0x00000000        0x0 src/ASF/common/services/usb/class/vendor/device/udi_vendor_desc.o
 .text          0x00000000        0x0 src/ASF/common/services/usb/udc/udc.o
 .data          0x00000000        0x0 src/ASF/common/services/usb/udc/udc.o
 .bss           0x00000000        0x0 src/ASF/common/services/usb/udc/udc.o
 .text.udc_stop
                0x00000000        0x8 src/ASF/common/services/usb/udc/udc.o
 .text          0x00000000        0x0 src/ASF/xmega/drivers/cpu/ccp.o
 .data          0x00000000        0x0 src/ASF/xmega/drivers/cpu/ccp.o
 .bss           0x00000000        0x0 src/ASF/xmega/drivers/cpu/ccp.o
 .text          0x00000000        0x0 src/ASF/xmega/drivers/nvm/nvm.o
 .data          0x00000000        0x0 src/ASF/xmega/drivers/nvm/nvm.o
 .bss           0x00000000        0x0 src/ASF/xmega/drivers/nvm/nvm.o
 .text.nvm_wait_until_ready
                0x00000000        0xa src/ASF/xmega/drivers/nvm/nvm.o
 .text.nvm_read_production_signature_row
                0x00000000        0xa src/ASF/xmega/drivers/nvm/nvm.o
 .text.nvm_issue_command
                0x00000000       0x22 src/ASF/xmega/drivers/nvm/nvm.o
 .text.nvm_read_device_serial
                0x00000000       0x64 src/ASF/xmega/drivers/nvm/nvm.o
 .text.nvm_eeprom_read_byte
                0x00000000       0x24 src/ASF/xmega/drivers/nvm/nvm.o
 .text.nvm_eeprom_read_buffer
                0x00000000       0x5e src/ASF/xmega/drivers/nvm/nvm.o
 .text.nvm_eeprom_flush_buffer
                0x00000000       0x1e src/ASF/xmega/drivers/nvm/nvm.o
 .text.nvm_eeprom_load_byte_to_buffer
                0x00000000       0x38 src/ASF/xmega/drivers/nvm/nvm.o
 .text.nvm_eeprom_write_byte
                0x00000000       0x62 src/ASF/xmega/drivers/nvm/nvm.o
 .text.nvm_eeprom_load_page_to_buffer
                0x00000000       0x28 src/ASF/xmega/drivers/nvm/nvm.o
 .text.nvm_eeprom_atomic_write_page
                0x00000000       0x30 src/ASF/xmega/drivers/nvm/nvm.o
 .text.nvm_eeprom_erase_and_write_buffer
                0x00000000       0x7e src/ASF/xmega/drivers/nvm/nvm.o
 .text.nvm_eeprom_split_write_page
                0x00000000       0x30 src/ASF/xmega/drivers/nvm/nvm.o
 .text.nvm_eeprom_fill_buffer_with_value
                0x00000000       0x24 src/ASF/xmega/drivers/nvm/nvm.o
 .text.nvm_eeprom_erase_bytes_in_page
                0x00000000       0x30 src/ASF/xmega/drivers/nvm/nvm.o
 .text.nvm_eeprom_erase_page
                0x00000000       0x12 src/ASF/xmega/drivers/nvm/nvm.o
 .text.nvm_eeprom_erase_bytes_in_all_pages
                0x00000000        0xa src/ASF/xmega/drivers/nvm/nvm.o
 .text.nvm_eeprom_erase_all
                0x00000000        0xa src/ASF/xmega/drivers/nvm/nvm.o
 .text.nvm_issue_flash_range_crc
                0x00000000       0x2c src/ASF/xmega/drivers/nvm/nvm.o
 .text.nvm_flash_read_buffer
                0x00000000       0x4a src/ASF/xmega/drivers/nvm/nvm.o
 .text.nvm_user_sig_read_buffer
                0x00000000       0x40 src/ASF/xmega/drivers/nvm/nvm.o
 .text.nvm_user_sig_write_buffer
                0x00000000      0x12c src/ASF/xmega/drivers/nvm/nvm.o
 .text.nvm_flash_erase_and_write_buffer
                0x00000000      0x12e src/ASF/xmega/drivers/nvm/nvm.o
 .text.nvm_fuses_read
                0x00000000       0x34 src/ASF/xmega/drivers/nvm/nvm.o
 .comment       0x00000000       0x31 src/ASF/xmega/drivers/nvm/nvm.o
 .text          0x00000000        0x0 src/ASF/xmega/drivers/nvm/nvm_asm.o
 .data          0x00000000        0x0 src/ASF/xmega/drivers/nvm/nvm_asm.o
 .bss           0x00000000        0x0 src/ASF/xmega/drivers/nvm/nvm_asm.o
 .BOOT          0x00000000       0x44 src/ASF/xmega/drivers/nvm/nvm_asm.o
 .text          0x00000000        0x0 src/ASF/xmega/drivers/usb/usb_device.o
 .data          0x00000000        0x0 src/ASF/xmega/drivers/usb/usb_device.o
 .bss           0x00000000        0x0 src/ASF/xmega/drivers/usb/usb_device.o
 .text.udd_disable
                0x00000000       0x2c src/ASF/xmega/drivers/usb/usb_device.o
 .text.udd_include_vbus_monitoring
                0x00000000        0x4 src/ASF/xmega/drivers/usb/usb_device.o
 .text.udd_detach
                0x00000000        0xc src/ASF/xmega/drivers/usb/usb_device.o
 .text.udd_is_high_speed
                0x00000000        0x4 src/ASF/xmega/drivers/usb/usb_device.o
 .text.udd_get_frame_number
                0x00000000        0xa src/ASF/xmega/drivers/usb/usb_device.o
 .text.udd_get_micro_frame_number
                0x00000000        0x6 src/ASF/xmega/drivers/usb/usb_device.o
 .text.udd_send_remotewakeup
                0x00000000       0x24 src/ASF/xmega/drivers/usb/usb_device.o
 .text.udd_ep_wait_stall_clear
                0x00000000       0x4e src/ASF/xmega/drivers/usb/usb_device.o
 .text.udd_ep_is_valid
                0x00000000       0x10 src/ASF/xmega/drivers/usb/usb_device.o
 .text          0x00000000        0x0 c:/program files (x86)/atmel/studio/7.0/toolchain/avr8/avr8-gnu-toolchain/bin/../lib/gcc/avr/4.9.2/avrxmega2\libgcc.a(_udivmodhi4.o)
 .data          0x00000000        0x0 c:/program files (x86)/atmel/studio/7.0/toolchain/avr8/avr8-gnu-toolchain/bin/../lib/gcc/avr/4.9.2/avrxmega2\libgcc.a(_udivmodhi4.o)
 .bss           0x00000000        0x0 c:/program files (x86)/atmel/studio/7.0/toolchain/avr8/avr8-gnu-toolchain/bin/../lib/gcc/avr/4.9.2/avrxmega2\libgcc.a(_udivmodhi4.o)
 .text.libgcc.mul
                0x00000000        0x0 c:/program files (x86)/atmel/studio/7.0/toolchain/avr8/avr8-gnu-toolchain/bin/../lib/gcc/avr/4.9.2/avrxmega2\libgcc.a(_udivmodhi4.o)
 .text.libgcc   0x00000000        0x0 c:/program files (x86)/atmel/studio/7.0/toolchain/avr8/avr8-gnu-toolchain/bin/../lib/gcc/avr/4.9.2/avrxmega2\libgcc.a(_udivmodhi4.o)
 .text.libgcc.prologue
                0x00000000        0x0 c:/program files (x86)/atmel/studio/7.0/toolchain/avr8/avr8-gnu-toolchain/bin/../lib/gcc/avr/4.9.2/avrxmega2\libgcc.a(_udivmodhi4.o)
 .text.libgcc.builtins
                0x00000000        0x0 c:/program files (x86)/atmel/studio/7.0/toolchain/avr8/avr8-gnu-toolchain/bin/../lib/gcc/avr/4.9.2/avrxmega2\libgcc.a(_udivmodhi4.o)
 .text.libgcc.fmul
                0x00000000        0x0 c:/program files (x86)/atmel/studio/7.0/toolchain/avr8/avr8-gnu-toolchain/bin/../lib/gcc/avr/4.9.2/avrxmega2\libgcc.a(_udivmodhi4.o)
 .text.libgcc.fixed
                0x00000000        0x0 c:/program files (x86)/atmel/studio/7.0/toolchain/avr8/avr8-gnu-toolchain/bin/../lib/gcc/avr/4.9.2/avrxmega2\libgcc.a(_udivmodhi4.o)
 .text          0x00000000        0x0 c:/program files (x86)/atmel/studio/7.0/toolchain/avr8/avr8-gnu-toolchain/bin/../lib/gcc/avr/4.9.2/avrxmega2\libgcc.a(_exit.o)
 .data          0x00000000        0x0 c:/program files (x86)/atmel/studio/7.0/toolchain/avr8/avr8-gnu-toolchain/bin/../lib/gcc/avr/4.9.2/avrxmega2\libgcc.a(_exit.o)
 .bss           0x00000000        0x0 c:/program files (x86)/atmel/studio/7.0/toolchain/avr8/avr8-gnu-toolchain/bin/../lib/gcc/avr/4.9.2/avrxmega2\libgcc.a(_exit.o)
 .text.libgcc.mul
                0x00000000        0x0 c:/program files (x86)/atmel/studio/7.0/toolchain/avr8/avr8-gnu-toolchain/bin/../lib/gcc/avr/4.9.2/avrxmega2\libgcc.a(_exit.o)
 .text.libgcc.div
                0x00000000        0x0 c:/program files (x86)/atmel/studio/7.0/toolchain/avr8/avr8-gnu-toolchain/bin/../lib/gcc/avr/4.9.2/avrxmega2\libgcc.a(_exit.o)
 .text.libgcc   0x00000000        0x0 c:/program files (x86)/atmel/studio/7.0/toolchain/avr8/avr8-gnu-toolchain/bin/../lib/gcc/avr/4.9.2/avrxmega2\libgcc.a(_exit.o)
 .text.libgcc.prologue
                0x00000000        0x0 c:/program files (x86)/atmel/studio/7.0/toolchain/avr8/avr8-gnu-toolchain/bin/../lib/gcc/avr/4.9.2/avrxmega2\libgcc.a(_exit.o)
 .text.libgcc.builtins
                0x00000000        0x0 c:/program files (x86)/atmel/studio/7.0/toolchain/avr8/avr8-gnu-toolchain/bin/../lib/gcc/avr/4.9.2/avrxmega2\libgcc.a(_exit.o)
 .text.libgcc.fmul
                0x00000000        0x0 c:/program files (x86)/atmel/studio/7.0/toolchain/avr8/avr8-gnu-toolchain/bin/../lib/gcc/avr/4.9.2/avrxmega2\libgcc.a(_exit.o)
 .text.libgcc.fixed
                0x00000000        0x0 c:/program files (x86)/atmel/studio/7.0/toolchain/avr8/avr8-gnu-toolchain/bin/../lib/gcc/avr/4.9.2/avrxmega2\libgcc.a(_exit.o)
 .text          0x00000000        0x0 c:/program files (x86)/atmel/studio/7.0/toolchain/avr8/avr8-gnu-toolchain/bin/../lib/gcc/avr/4.9.2/avrxmega2\libgcc.a(_tablejump2.o)
 .data          0x00000000        0x0 c:/program files (x86)/atmel/studio/7.0/toolchain/avr8/avr8-gnu-toolchain/bin/../lib/gcc/avr/4.9.2/avrxmega2\libgcc.a(_tablejump2.o)
 .bss           0x00000000        0x0 c:/program files (x86)/atmel/studio/7.0/toolchain/avr8/avr8-gnu-toolchain/bin/../lib/gcc/avr/4.9.2/avrxmega2\libgcc.a(_tablejump2.o)
 .text.libgcc.mul
                0x00000000        0x0 c:/program files (x86)/atmel/studio/7.0/toolchain/avr8/avr8-gnu-toolchain/bin/../lib/gcc/avr/4.9.2/avrxmega2\libgcc.a(_tablejump2.o)
 .text.libgcc.div
                0x00000000        0x0 c:/program files (x86)/atmel/studio/7.0/toolchain/avr8/avr8-gnu-toolchain/bin/../lib/gcc/avr/4.9.2/avrxmega2\libgcc.a(_tablejump2.o)
 .text.libgcc.prologue
                0x00000000        0x0 c:/program files (x86)/atmel/studio/7.0/toolchain/avr8/avr8-gnu-toolchain/bin/../lib/gcc/avr/4.9.2/avrxmega2\libgcc.a(_tablejump2.o)
 .text.libgcc.builtins
                0x00000000        0x0 c:/program files (x86)/atmel/studio/7.0/toolchain/avr8/avr8-gnu-toolchain/bin/../lib/gcc/avr/4.9.2/avrxmega2\libgcc.a(_tablejump2.o)
 .text.libgcc.fmul
                0x00000000        0x0 c:/program files (x86)/atmel/studio/7.0/toolchain/avr8/avr8-gnu-toolchain/bin/../lib/gcc/avr/4.9.2/avrxmega2\libgcc.a(_tablejump2.o)
 .text.libgcc.fixed
                0x00000000        0x0 c:/program files (x86)/atmel/studio/7.0/toolchain/avr8/avr8-gnu-toolchain/bin/../lib/gcc/avr/4.9.2/avrxmega2\libgcc.a(_tablejump2.o)
 .text          0x00000000        0x0 c:/program files (x86)/atmel/studio/7.0/toolchain/avr8/avr8-gnu-toolchain/bin/../lib/gcc/avr/4.9.2/avrxmega2\libgcc.a(_copy_data.o)
 .data          0x00000000        0x0 c:/program files (x86)/atmel/studio/7.0/toolchain/avr8/avr8-gnu-toolchain/bin/../lib/gcc/avr/4.9.2/avrxmega2\libgcc.a(_copy_data.o)
 .bss           0x00000000        0x0 c:/program files (x86)/atmel/studio/7.0/toolchain/avr8/avr8-gnu-toolchain/bin/../lib/gcc/avr/4.9.2/avrxmega2\libgcc.a(_copy_data.o)
 .text.libgcc.mul
                0x00000000        0x0 c:/program files (x86)/atmel/studio/7.0/toolchain/avr8/avr8-gnu-toolchain/bin/../lib/gcc/avr/4.9.2/avrxmega2\libgcc.a(_copy_data.o)
 .text.libgcc.div
                0x00000000        0x0 c:/program files (x86)/atmel/studio/7.0/toolchain/avr8/avr8-gnu-toolchain/bin/../lib/gcc/avr/4.9.2/avrxmega2\libgcc.a(_copy_data.o)
 .text.libgcc   0x00000000        0x0 c:/program files (x86)/atmel/studio/7.0/toolchain/avr8/avr8-gnu-toolchain/bin/../lib/gcc/avr/4.9.2/avrxmega2\libgcc.a(_copy_data.o)
 .text.libgcc.prologue
                0x00000000        0x0 c:/program files (x86)/atmel/studio/7.0/toolchain/avr8/avr8-gnu-toolchain/bin/../lib/gcc/avr/4.9.2/avrxmega2\libgcc.a(_copy_data.o)
 .text.libgcc.builtins
                0x00000000        0x0 c:/program files (x86)/atmel/studio/7.0/toolchain/avr8/avr8-gnu-toolchain/bin/../lib/gcc/avr/4.9.2/avrxmega2\libgcc.a(_copy_data.o)
 .text.libgcc.fmul
                0x00000000        0x0 c:/program files (x86)/atmel/studio/7.0/toolchain/avr8/avr8-gnu-toolchain/bin/../lib/gcc/avr/4.9.2/avrxmega2\libgcc.a(_copy_data.o)
 .text.libgcc.fixed
                0x00000000        0x0 c:/program files (x86)/atmel/studio/7.0/toolchain/avr8/avr8-gnu-toolchain/bin/../lib/gcc/avr/4.9.2/avrxmega2\libgcc.a(_copy_data.o)
 .text          0x00000000        0x0 c:/program files (x86)/atmel/studio/7.0/toolchain/avr8/avr8-gnu-toolchain/bin/../lib/gcc/avr/4.9.2/avrxmega2\libgcc.a(_clear_bss.o)
 .data          0x00000000        0x0 c:/program files (x86)/atmel/studio/7.0/toolchain/avr8/avr8-gnu-toolchain/bin/../lib/gcc/avr/4.9.2/avrxmega2\libgcc.a(_clear_bss.o)
 .bss           0x00000000        0x0 c:/program files (x86)/atmel/studio/7.0/toolchain/avr8/avr8-gnu-toolchain/bin/../lib/gcc/avr/4.9.2/avrxmega2\libgcc.a(_clear_bss.o)
 .text.libgcc.mul
                0x00000000        0x0 c:/program files (x86)/atmel/studio/7.0/toolchain/avr8/avr8-gnu-toolchain/bin/../lib/gcc/avr/4.9.2/avrxmega2\libgcc.a(_clear_bss.o)
 .text.libgcc.div
                0x00000000        0x0 c:/program files (x86)/atmel/studio/7.0/toolchain/avr8/avr8-gnu-toolchain/bin/../lib/gcc/avr/4.9.2/avrxmega2\libgcc.a(_clear_bss.o)
 .text.libgcc   0x00000000        0x0 c:/program files (x86)/atmel/studio/7.0/toolchain/avr8/avr8-gnu-toolchain/bin/../lib/gcc/avr/4.9.2/avrxmega2\libgcc.a(_clear_bss.o)
 .text.libgcc.prologue
                0x00000000        0x0 c:/program files (x86)/atmel/studio/7.0/toolchain/avr8/avr8-gnu-toolchain/bin/../lib/gcc/avr/4.9.2/avrxmega2\libgcc.a(_clear_bss.o)
 .text.libgcc.builtins
                0x00000000        0x0 c:/program files (x86)/atmel/studio/7.0/toolchain/avr8/avr8-gnu-toolchain/bin/../lib/gcc/avr/4.9.2/avrxmega2\libgcc.a(_clear_bss.o)
 .text.libgcc.fmul
                0x00000000        0x0 c:/program files (x86)/atmel/studio/7.0/toolchain/avr8/avr8-gnu-toolchain/bin/../lib/gcc/avr/4.9.2/avrxmega2\libgcc.a(_clear_bss.o)
 .text.libgcc.fixed
                0x00000000        0x0 c:/program files (x86)/atmel/studio/7.0/toolchain/avr8/avr8-gnu-toolchain/bin/../lib/gcc/avr/4.9.2/avrxmega2\libgcc.a(_clear_bss.o)
 .text          0x00000000        0x0 c:/program files (x86)/atmel/studio/7.0/toolchain/avr8/avr8-gnu-toolchain/bin/../lib/gcc/avr/4.9.2/../../../../avr/lib/avrxmega2\libc.a(memcpy.o)
 .data          0x00000000        0x0 c:/program files (x86)/atmel/studio/7.0/toolchain/avr8/avr8-gnu-toolchain/bin/../lib/gcc/avr/4.9.2/../../../../avr/lib/avrxmega2\libc.a(memcpy.o)
 .bss           0x00000000        0x0 c:/program files (x86)/atmel/studio/7.0/toolchain/avr8/avr8-gnu-toolchain/bin/../lib/gcc/avr/4.9.2/../../../../avr/lib/avrxmega2\libc.a(memcpy.o)

Memory Configuration

Name             Origin             Length             Attributes
text             0x00000000         0x00100000         xr
data             0x00802000         0x0000ffa0         rw !x
eeprom           0x00810000         0x00010000         rw !x
fuse             0x00820000         0x00000400         rw !x
lock             0x00830000         0x00000400         rw !x
signature        0x00840000         0x00000400         rw !x
user_signatures  0x00850000         0x00000400         rw !x
*default*        0x00000000         0xffffffff

Linker script and memory map

LOAD C:/Program Files (x86)/Atmel/Studio/7.0/Packs/atmel/XMEGAA_DFP/1.0.39/gcc/dev/atxmega32a4u/avrxmega2/crtatxmega32a4u.o
LOAD src/tiny_calibration.o
LOAD src/tiny_dig.o
LOAD src/ASF/common/boards/user_board/init.o
LOAD src/ASF/common/services/ioport/xmega/ioport_compat.o
LOAD src/main.o
LOAD src/tiny_adc.o
LOAD src/tiny_dac.o
LOAD src/tiny_dma.o
LOAD src/tiny_timer.o
LOAD src/tiny_uart.o
LOAD src/ASF/common/services/usb/class/vendor/device/example/atxmega256a3bu_xmega_a3bu_xplained/ui.o
LOAD src/ASF/common/services/clock/xmega/sysclk.o
LOAD src/ASF/common/services/sleepmgr/xmega/sleepmgr.o
LOAD src/ASF/common/services/usb/class/vendor/device/udi_vendor.o
LOAD src/ASF/common/services/usb/class/vendor/device/udi_vendor_desc.o
LOAD src/ASF/common/services/usb/udc/udc.o
LOAD src/ASF/xmega/drivers/cpu/ccp.o
LOAD src/ASF/xmega/drivers/nvm/nvm.o
LOAD src/ASF/xmega/drivers/nvm/nvm_asm.o
LOAD src/ASF/xmega/drivers/usb/usb_device.o
START GROUP
LOAD c:/program files (x86)/atmel/studio/7.0/toolchain/avr8/avr8-gnu-toolchain/bin/../lib/gcc/avr/4.9.2/../../../../avr/lib/avrxmega2\libm.a
END GROUP
START GROUP
LOAD c:/program files (x86)/atmel/studio/7.0/toolchain/avr8/avr8-gnu-toolchain/bin/../lib/gcc/avr/4.9.2/avrxmega2\libgcc.a
LOAD c:/program files (x86)/atmel/studio/7.0/toolchain/avr8/avr8-gnu-toolchain/bin/../lib/gcc/avr/4.9.2/../../../../avr/lib/avrxmega2\libm.a
LOAD c:/program files (x86)/atmel/studio/7.0/toolchain/avr8/avr8-gnu-toolchain/bin/../lib/gcc/avr/4.9.2/../../../../avr/lib/avrxmega2\libc.a
LOAD C:/Program Files (x86)/Atmel/Studio/7.0/Packs/atmel/XMEGAA_DFP/1.0.39/gcc/dev/atxmega32a4u/avrxmega2\libatxmega32a4u.a
END GROUP
                0x00100000                __TEXT_REGION_LENGTH__ = DEFINED (__TEXT_REGION_LENGTH__)?__TEXT_REGION_LENGTH__:0x100000
                0x0000ffa0                __DATA_REGION_LENGTH__ = DEFINED (__DATA_REGION_LENGTH__)?__DATA_REGION_LENGTH__:0xffa0
                0x00010000                __EEPROM_REGION_LENGTH__ = DEFINED (__EEPROM_REGION_LENGTH__)?__EEPROM_REGION_LENGTH__:0x10000
                0x00000400                __FUSE_REGION_LENGTH__ = DEFINED (__FUSE_REGION_LENGTH__)?__FUSE_REGION_LENGTH__:0x400
                0x00000400                __LOCK_REGION_LENGTH__ = DEFINED (__LOCK_REGION_LENGTH__)?__LOCK_REGION_LENGTH__:0x400
                0x00000400                __SIGNATURE_REGION_LENGTH__ = DEFINED (__SIGNATURE_REGION_LENGTH__)?__SIGNATURE_REGION_LENGTH__:0x400
                0x00000400                __USER_SIGNATURE_REGION_LENGTH__ = DEFINED (__USER_SIGNATURE_REGION_LENGTH__)?__USER_SIGNATURE_REGION_LENGTH__:0x400

.hash
 *(.hash)

.dynsym
 *(.dynsym)

.dynstr
 *(.dynstr)

.gnu.version
 *(.gnu.version)

.gnu.version_d
 *(.gnu.version_d)

.gnu.version_r
 *(.gnu.version_r)

.rel.init
 *(.rel.init)

.rela.init
 *(.rela.init)

.rel.text
 *(.rel.text)
 *(.rel.text.*)
 *(.rel.gnu.linkonce.t*)

.rela.text
 *(.rela.text)
 *(.rela.text.*)
 *(.rela.gnu.linkonce.t*)

.rel.fini
 *(.rel.fini)

.rela.fini
 *(.rela.fini)

.rel.rodata
 *(.rel.rodata)
 *(.rel.rodata.*)
 *(.rel.gnu.linkonce.r*)

.rela.rodata
 *(.rela.rodata)
 *(.rela.rodata.*)
 *(.rela.gnu.linkonce.r*)

.rel.data
 *(.rel.data)
 *(.rel.data.*)
 *(.rel.gnu.linkonce.d*)

.rela.data
 *(.rela.data)
 *(.rela.data.*)
 *(.rela.gnu.linkonce.d*)

.rel.ctors
 *(.rel.ctors)

.rela.ctors
 *(.rela.ctors)

.rel.dtors
 *(.rel.dtors)

.rela.dtors
 *(.rela.dtors)

.rel.got
 *(.rel.got)

.rela.got
 *(.rela.got)

.rel.bss
 *(.rel.bss)

.rela.bss
 *(.rela.bss)

.rel.plt
 *(.rel.plt)

.rela.plt
 *(.rela.plt)

.text           0x00000000     0x2548
 *(.vectors)
 .vectors       0x00000000      0x1fc C:/Program Files (x86)/Atmel/Studio/7.0/Packs/atmel/XMEGAA_DFP/1.0.39/gcc/dev/atxmega32a4u/avrxmega2/crtatxmega32a4u.o
                0x00000000                __vector_default
                0x00000000                __vectors
 *(.vectors)
 *(.progmem.gcc*)
 .progmem.gcc_sw_table.udc_process_setup
                0x000001fc       0x30 src/ASF/common/services/usb/udc/udc.o
                0x0000022c                . = ALIGN (0x2)
                0x0000022c                __trampolines_start = .
 *(.trampolines)
 .trampolines   0x0000022c        0x0 linker stubs
 *(.trampolines*)
                0x0000022c                __trampolines_end = .
 *libprintf_flt.a:*(.progmem.data)
 *libc.a:*(.progmem.data)
 *(.progmem*)
                0x0000022c                . = ALIGN (0x2)
 *(.jumptables)
 *(.jumptables*)
 *(.lowtext)
 *(.lowtext*)
                0x0000022c                __ctors_start = .
 *(.ctors)
                0x0000022c                __ctors_end = .
                0x0000022c                __dtors_start = .
 *(.dtors)
                0x0000022c                __dtors_end = .
 SORT(*)(.ctors)
 SORT(*)(.dtors)
 *(.init0)
 .init0         0x0000022c        0x0 C:/Program Files (x86)/Atmel/Studio/7.0/Packs/atmel/XMEGAA_DFP/1.0.39/gcc/dev/atxmega32a4u/avrxmega2/crtatxmega32a4u.o
                0x0000022c                __init
 *(.init0)
 *(.init1)
 *(.init1)
 *(.init2)
 .init2         0x0000022c        0xc C:/Program Files (x86)/Atmel/Studio/7.0/Packs/atmel/XMEGAA_DFP/1.0.39/gcc/dev/atxmega32a4u/avrxmega2/crtatxmega32a4u.o
 *(.init2)
 *(.init3)
 *(.init3)
 *(.init4)
 .init4         0x00000238       0x16 c:/program files (x86)/atmel/studio/7.0/toolchain/avr8/avr8-gnu-toolchain/bin/../lib/gcc/avr/4.9.2/avrxmega2\libgcc.a(_copy_data.o)
                0x00000238                __do_copy_data
 .init4         0x0000024e       0x10 c:/program files (x86)/atmel/studio/7.0/toolchain/avr8/avr8-gnu-toolchain/bin/../lib/gcc/avr/4.9.2/avrxmega2\libgcc.a(_clear_bss.o)
                0x0000024e                __do_clear_bss
 *(.init4)
 *(.init5)
 *(.init5)
 *(.init6)
 *(.init6)
 *(.init7)
 *(.init7)
 *(.init8)
 *(.init8)
 *(.init9)
 .init9         0x0000025e        0x6 C:/Program Files (x86)/Atmel/Studio/7.0/Packs/atmel/XMEGAA_DFP/1.0.39/gcc/dev/atxmega32a4u/avrxmega2/crtatxmega32a4u.o
 *(.init9)
 *(.text)
 .text          0x00000264        0x2 C:/Program Files (x86)/Atmel/Studio/7.0/Packs/atmel/XMEGAA_DFP/1.0.39/gcc/dev/atxmega32a4u/avrxmega2/crtatxmega32a4u.o
                0x00000264                __vector_38
                0x00000264                __vector_104
                0x00000264                __vector_22
                0x00000264                __vector_63
                0x00000264                __vector_28
                0x00000264                __vector_67
                0x00000264                __vector_1
                0x00000264                __vector_119
                0x00000264                __vector_32
                0x00000264                __vector_75
                0x00000264                __vector_91
                0x00000264                __vector_34
                0x00000264                __vector_62
                0x00000264                __vector_77
                0x00000264                __vector_102
                0x00000264                __vector_12
                0x00000264                __vector_55
                0x00000264                __vector_69
                0x00000264                __vector_81
                0x00000264                __vector_90
                0x00000264                __vector_46
                0x00000264                __bad_interrupt
                0x00000264                __vector_122
                0x00000264                __vector_72
                0x00000264                __vector_114
                0x00000264                __vector_6
                0x00000264                __vector_110
                0x00000264                __vector_31
                0x00000264                __vector_92
                0x00000264                __vector_35
                0x00000264                __vector_78
                0x00000264                __vector_74
                0x00000264                __vector_117
                0x00000264                __vector_39
                0x00000264                __vector_107
                0x00000264                __vector_3
                0x00000264                __vector_105
                0x00000264                __vector_98
                0x00000264                __vector_23
                0x00000264                __vector_68
                0x00000264                __vector_30
                0x00000264                __vector_73
                0x00000264                __vector_45
                0x00000264                __vector_25
                0x00000264                __vector_93
                0x00000264                __vector_61
                0x00000264                __vector_11
                0x00000264                __vector_54
                0x00000264                __vector_99
                0x00000264                __vector_13
                0x00000264                __vector_17
                0x00000264                __vector_19
                0x00000264                __vector_56
                0x00000264                __vector_7
                0x00000264                __vector_49
                0x00000264                __vector_123
                0x00000264                __vector_41
                0x00000264                __vector_86
                0x00000264                __vector_100
                0x00000264                __vector_101
                0x00000264                __vector_64
                0x00000264                __vector_88
                0x00000264                __vector_109
                0x00000264                __vector_43
                0x00000264                __vector_27
                0x00000264                __vector_5
                0x00000264                __vector_113
                0x00000264                __vector_33
                0x00000264                __vector_76
                0x00000264                __vector_115
                0x00000264                __vector_47
                0x00000264                __vector_52
                0x00000264                __vector_37
                0x00000264                __vector_95
                0x00000264                __vector_103
                0x00000264                __vector_96
                0x00000264                __vector_89
                0x00000264                __vector_108
                0x00000264                __vector_4
                0x00000264                __vector_44
                0x00000264                __vector_82
                0x00000264                __vector_106
                0x00000264                __vector_118
                0x00000264                __vector_51
                0x00000264                __vector_9
                0x00000264                __vector_2
                0x00000264                __vector_21
                0x00000264                __vector_15
                0x00000264                __vector_66
                0x00000264                __vector_36
                0x00000264                __vector_79
                0x00000264                __vector_58
                0x00000264                __vector_70
                0x00000264                __vector_29
                0x00000264                __vector_60
                0x00000264                __vector_121
                0x00000264                __vector_40
                0x00000264                __vector_85
                0x00000264                __vector_94
                0x00000264                __vector_8
                0x00000264                __vector_26
                0x00000264                __vector_48
                0x00000264                __vector_124
                0x00000264                __vector_116
                0x00000264                __vector_112
                0x00000264                __vector_111
                0x00000264                __vector_80
                0x00000264                __vector_14
                0x00000264                __vector_84
                0x00000264                __vector_57
                0x00000264                __vector_53
                0x00000264                __vector_10
                0x00000264                __vector_50
                0x00000264                __vector_16
                0x00000264                __vector_59
                0x00000264                __vector_18
                0x00000264                __vector_97
                0x00000264                __vector_20
                0x00000264                __vector_42
                0x00000264                __vector_87
                0x00000264                __vector_65
                0x00000264                __vector_120
                0x00000266                . = ALIGN (0x2)
 *(.text.*)
 .text.tiny_calibration_init
                0x00000266       0x7a src/tiny_calibration.o
                0x00000266                tiny_calibration_init
 .text.tiny_calibration_first_sof
                0x000002e0       0x24 src/tiny_calibration.o
                0x000002e0                tiny_calibration_first_sof
 .text.tiny_calibration_every_sof
                0x00000304       0x76 src/tiny_calibration.o
                0x00000304                tiny_calibration_every_sof
 .text.tiny_dig_setup
                0x0000037a        0xe src/tiny_dig.o
                0x0000037a                tiny_dig_setup
 .text.board_init
                0x00000388        0x2 src/ASF/common/boards/user_board/init.o
                0x00000388                board_init
 .text.iso_callback
                0x0000038a       0x4a src/main.o
                0x0000038a                iso_callback
 .text.iso_callback2
                0x000003d4       0x4a src/main.o
                0x000003d4                iso_callback2
 .text.iso_callback3
                0x0000041e       0x4a src/main.o
                0x0000041e                iso_callback3
 .text.startup.main
                0x00000468       0x44 src/main.o
                0x00000468                main
 .text.main_suspend_action
                0x000004ac        0x2 src/main.o
                0x000004ac                main_suspend_action
 .text.main_resume_action
                0x000004ae        0x2 src/main.o
                0x000004ae                main_resume_action
 .text.main_sof_action
                0x000004b0       0x78 src/main.o
                0x000004b0                main_sof_action
 .text.main_vendor_enable
                0x00000528       0x38 src/main.o
                0x00000528                main_vendor_enable
 .text.main_vendor_disable
                0x00000560        0x6 src/main.o
                0x00000560                main_vendor_disable
 .text.main_setup_out_received
                0x00000566        0x4 src/main.o
                0x00000566                main_setup_out_received
 .text.main_setup_in_received
                0x0000056a        0x4 src/main.o
                0x0000056a                main_setup_in_received
 .text.tiny_adc_ch0setup
                0x0000056e       0x2c src/tiny_adc.o
                0x0000056e                tiny_adc_ch0setup
 .text.tiny_adc_ch1setup
                0x0000059a       0x14 src/tiny_adc.o
                0x0000059a                tiny_adc_ch1setup
 .text.tiny_adc_pid_setup
                0x000005ae       0x14 src/tiny_adc.o
                0x000005ae                tiny_adc_pid_setup
 .text.ReadCalibrationByte
                0x000005c2       0x12 src/tiny_adc.o
                0x000005c2                ReadCalibrationByte
 .text.tiny_adc_setup
                0x000005d4       0x5e src/tiny_adc.o
                0x000005d4                tiny_adc_setup
 .text.__vector_71
                0x00000632       0x26 src/tiny_adc.o
                0x00000632                __vector_71
 .text.tiny_dac_setup
                0x00000658       0x48 src/tiny_dac.o
                0x00000658                tiny_dac_setup
 .text.tiny_dma_setup
                0x000006a0       0x12 src/tiny_dma.o
                0x000006a0                tiny_dma_setup
 .text.tiny_dma_flush
                0x000006b2       0x2a src/tiny_dma.o
                0x000006b2                tiny_dma_flush
 .text.tiny_dma_set_mode_0
                0x000006dc       0xc0 src/tiny_dma.o
                0x000006dc                tiny_dma_set_mode_0
 .text.tiny_dma_set_mode_1
                0x0000079c       0xf0 src/tiny_dma.o
                0x0000079c                tiny_dma_set_mode_1
 .text.tiny_dma_set_mode_2
                0x0000088c       0xea src/tiny_dma.o
                0x0000088c                tiny_dma_set_mode_2
 .text.tiny_dma_set_mode_3
                0x00000976       0xf8 src/tiny_dma.o
                0x00000976                tiny_dma_set_mode_3
 .text.tiny_dma_set_mode_4
                0x00000a6e       0xec src/tiny_dma.o
                0x00000a6e                tiny_dma_set_mode_4
 .text.tiny_dma_set_mode_5
                0x00000b5a       0x90 src/tiny_dma.o
                0x00000b5a                tiny_dma_set_mode_5
 .text.tiny_dma_set_mode_6
                0x00000bea       0xc4 src/tiny_dma.o
                0x00000bea                tiny_dma_set_mode_6
 .text.tiny_dma_set_mode_7
                0x00000cae       0xc4 src/tiny_dma.o
                0x00000cae                tiny_dma_set_mode_7
 .text.tiny_timer_setup
                0x00000d72       0x84 src/tiny_timer.o
                0x00000d72                tiny_timer_setup
 .text.__vector_83
                0x00000df6       0xc6 src/tiny_timer.o
                0x00000df6                __vector_83
 .text.tiny_uart_setup
                0x00000ebc       0x30 src/tiny_uart.o
                0x00000ebc                tiny_uart_setup
 .text.tiny_spi_setup
                0x00000eec       0x1c src/tiny_uart.o
                0x00000eec                tiny_spi_setup
 .text.__vector_24
                0x00000f08       0x16 src/tiny_uart.o
                0x00000f08                __vector_24
 .text.osc_enable_autocalibration.constprop.4
                0x00000f1e       0x38 src/ASF/common/services/clock/xmega/sysclk.o
 .text.sysclk_enable_module
                0x00000f56       0x18 src/ASF/common/services/clock/xmega/sysclk.o
                0x00000f56                sysclk_enable_module
 .text.sysclk_enable_usb
                0x00000f6e       0x40 src/ASF/common/services/clock/xmega/sysclk.o
                0x00000f6e                sysclk_enable_usb
 .text.udi_vendor_getsetting
                0x00000fae        0x6 src/ASF/common/services/usb/class/vendor/device/udi_vendor.o
                0x00000fae                udi_vendor_getsetting
 .text.udi_vendor_disable
                0x00000fb4        0xc src/ASF/common/services/usb/class/vendor/device/udi_vendor.o
                0x00000fb4                udi_vendor_disable
 .text.udi_vendor_enable
                0x00000fc0       0x14 src/ASF/common/services/usb/class/vendor/device/udi_vendor.o
                0x00000fc0                udi_vendor_enable
 .text.udi_vendor_setup
                0x00000fd4       0x38 src/ASF/common/services/usb/class/vendor/device/udi_vendor.o
                0x00000fd4                udi_vendor_setup
 .text.udi_vendor_iso_in_run
                0x0000100c       0x18 src/ASF/common/services/usb/class/vendor/device/udi_vendor.o
                0x0000100c                udi_vendor_iso_in_run
 .text.udi_vendor_iso_in_run2
                0x00001024       0x18 src/ASF/common/services/usb/class/vendor/device/udi_vendor.o
                0x00001024                udi_vendor_iso_in_run2
 .text.udi_vendor_iso_in_run3
                0x0000103c       0x16 src/ASF/common/services/usb/class/vendor/device/udi_vendor.o
                0x0000103c                udi_vendor_iso_in_run3
 .text.udc_valid_address
                0x00001052        0x8 src/ASF/common/services/usb/udc/udc.o
 .text.udc_update_iface_desc
                0x0000105a       0x66 src/ASF/common/services/usb/udc/udc.o
 .text.udc_next_desc_in_iface.constprop.3
                0x000010c0       0x40 src/ASF/common/services/usb/udc/udc.o
 .text.udc_iface_enable
                0x00001100       0x66 src/ASF/common/services/usb/udc/udc.o
 .text.udc_iface_disable
                0x00001166       0x7e src/ASF/common/services/usb/udc/udc.o
 .text.udc_get_interface_desc
                0x000011e4        0xa src/ASF/common/services/usb/udc/udc.o
                0x000011e4                udc_get_interface_desc
 .text.udc_start
                0x000011ee        0x2 src/ASF/common/services/usb/udc/udc.o
                0x000011ee                udc_start
 .text.udc_reset
                0x000011f0       0x38 src/ASF/common/services/usb/udc/udc.o
                0x000011f0                udc_reset
 .text.udc_sof_notify
                0x00001228       0x4a src/ASF/common/services/usb/udc/udc.o
                0x00001228                udc_sof_notify
 .text.udc_process_setup
                0x00001272      0x66c src/ASF/common/services/usb/udc/udc.o
                0x00001272                udc_process_setup
 .text.ccp_write_io
                0x000018de        0xc src/ASF/xmega/drivers/cpu/ccp.o
                0x000018de                ccp_write_io
 .text.nvm_read_byte
                0x000018ea       0x14 src/ASF/xmega/drivers/nvm/nvm_asm.o
                0x000018ea                nvm_read_byte
 .text.sleepmgr_lock_mode
                0x000018fe       0x1e src/ASF/xmega/drivers/usb/usb_device.o
 .text.sleepmgr_unlock_mode
                0x0000191c       0x1e src/ASF/xmega/drivers/usb/usb_device.o
 .text.udd_sleep_mode
                0x0000193a       0x26 src/ASF/xmega/drivers/usb/usb_device.o
 .text.udd_ep_get_ctrl
                0x00001960       0x2e src/ASF/xmega/drivers/usb/usb_device.o
 .text.udd_ctrl_init
                0x0000198e       0x4e src/ASF/xmega/drivers/usb/usb_device.o
 .text.udd_ctrl_stall_data
                0x000019dc       0x1c src/ASF/xmega/drivers/usb/usb_device.o
 .text.udd_ctrl_send_zlp_in
                0x000019f8       0x1c src/ASF/xmega/drivers/usb/usb_device.o
 .text.udd_ctrl_endofrequest
                0x00001a14       0x10 src/ASF/xmega/drivers/usb/usb_device.o
 .text.udd_ep_get_job
                0x00001a24       0x34 src/ASF/xmega/drivers/usb/usb_device.o
 .text.udd_ep_trans_complet
                0x00001a58      0x1f2 src/ASF/xmega/drivers/usb/usb_device.o
 .text.udd_ctrl_in_sent
                0x00001c4a       0xdc src/ASF/xmega/drivers/usb/usb_device.o
 .text.udd_ctrl_interrupt_tc_setup
                0x00001d26       0xee src/ASF/xmega/drivers/usb/usb_device.o
 .text.udd_attach
                0x00001e14       0x46 src/ASF/xmega/drivers/usb/usb_device.o
                0x00001e14                udd_attach
 .text.udd_enable
                0x00001e5a       0xf0 src/ASF/xmega/drivers/usb/usb_device.o
                0x00001e5a                udd_enable
 .text.udd_set_address
                0x00001f4a        0x6 src/ASF/xmega/drivers/usb/usb_device.o
                0x00001f4a                udd_set_address
 .text.udd_getaddress
                0x00001f50        0x6 src/ASF/xmega/drivers/usb/usb_device.o
                0x00001f50                udd_getaddress
 .text.udd_set_setup_payload
                0x00001f56        0xe src/ASF/xmega/drivers/usb/usb_device.o
                0x00001f56                udd_set_setup_payload
 .text.udd_ep_alloc
                0x00001f64       0xa2 src/ASF/xmega/drivers/usb/usb_device.o
                0x00001f64                udd_ep_alloc
 .text.udd_ep_is_halted
                0x00002006        0xe src/ASF/xmega/drivers/usb/usb_device.o
                0x00002006                udd_ep_is_halted
 .text.udd_ep_clear_halt
                0x00002014       0x32 src/ASF/xmega/drivers/usb/usb_device.o
                0x00002014                udd_ep_clear_halt
 .text.udd_ep_run
                0x00002046      0x118 src/ASF/xmega/drivers/usb/usb_device.o
                0x00002046                udd_ep_run
 .text.udd_ep_abort
                0x0000215e       0x60 src/ASF/xmega/drivers/usb/usb_device.o
                0x0000215e                udd_ep_abort
 .text.udd_ep_free
                0x000021be       0x12 src/ASF/xmega/drivers/usb/usb_device.o
                0x000021be                udd_ep_free
 .text.udd_ep_set_halt
                0x000021d0       0x20 src/ASF/xmega/drivers/usb/usb_device.o
                0x000021d0                udd_ep_set_halt
 .text.__vector_125
                0x000021f0      0x16a src/ASF/xmega/drivers/usb/usb_device.o
                0x000021f0                __vector_125
 .text.__vector_126
                0x0000235a      0x1a4 src/ASF/xmega/drivers/usb/usb_device.o
                0x0000235a                __vector_126
 .text.libgcc.div
                0x000024fe       0x28 c:/program files (x86)/atmel/studio/7.0/toolchain/avr8/avr8-gnu-toolchain/bin/../lib/gcc/avr/4.9.2/avrxmega2\libgcc.a(_udivmodhi4.o)
                0x000024fe                __udivmodhi4
 .text.libgcc   0x00002526        0xc c:/program files (x86)/atmel/studio/7.0/toolchain/avr8/avr8-gnu-toolchain/bin/../lib/gcc/avr/4.9.2/avrxmega2\libgcc.a(_tablejump2.o)
                0x00002526                __tablejump2__
 .text.avr-libc
                0x00002532       0x12 c:/program files (x86)/atmel/studio/7.0/toolchain/avr8/avr8-gnu-toolchain/bin/../lib/gcc/avr/4.9.2/../../../../avr/lib/avrxmega2\libc.a(memcpy.o)
                0x00002532                memcpy
                0x00002544                . = ALIGN (0x2)
 *(.fini9)
 .fini9         0x00002544        0x0 c:/program files (x86)/atmel/studio/7.0/toolchain/avr8/avr8-gnu-toolchain/bin/../lib/gcc/avr/4.9.2/avrxmega2\libgcc.a(_exit.o)
                0x00002544                _exit
                0x00002544                exit
 *(.fini9)
 *(.fini8)
 *(.fini8)
 *(.fini7)
 *(.fini7)
 *(.fini6)
 *(.fini6)
 *(.fini5)
 *(.fini5)
 *(.fini4)
 *(.fini4)
 *(.fini3)
 *(.fini3)
 *(.fini2)
 *(.fini2)
 *(.fini1)
 *(.fini1)
 *(.fini0)
 .fini0         0x00002544        0x4 c:/program files (x86)/atmel/studio/7.0/toolchain/avr8/avr8-gnu-toolchain/bin/../lib/gcc/avr/4.9.2/avrxmega2\libgcc.a(_exit.o)
 *(.fini0)
                0x00002548                _etext = .

.data           0x00802000       0xc4 load address 0x00002548
                0x00802000                PROVIDE (__data_start, .)
 *(.data)
 *(.data*)
 .data.last_val
                0x00802000        0x2 src/tiny_calibration.o
                0x00802000                last_val
 .data.global_mode
                0x00802002        0x1 src/main.o
                0x00802002                global_mode
 .data.dummy    0x00802003        0x1 src/main.o
                0x00802003                dummy
 .data.auxDacBufLen
                0x00802004        0x2 src/main.o
                0x00802004                auxDacBufLen
 .data.dacBuf_len
                0x00802006        0x2 src/main.o
                0x00802006                dacBuf_len
 .data.udi_api_vendor
                0x00802008        0xa src/ASF/common/services/usb/class/vendor/device/udi_vendor.o
                0x00802008                udi_api_vendor
 .data.udc_config
                0x00802012        0x6 src/ASF/common/services/usb/class/vendor/device/udi_vendor_desc.o
                0x00802012                udc_config
 .data.udc_config_lsfs
                0x00802018        0x4 src/ASF/common/services/usb/class/vendor/device/udi_vendor_desc.o
                0x00802018                udc_config_lsfs
 .data.udi_apis
                0x0080201c        0x2 src/ASF/common/services/usb/class/vendor/device/udi_vendor_desc.o
                0x0080201c                udi_apis
 *fill*         0x0080201e        0x2 
 .data.udc_desc_fs
                0x00802020       0x28 src/ASF/common/services/usb/class/vendor/device/udi_vendor_desc.o
                0x00802020                udc_desc_fs
 .data.udc_device_desc
                0x00802048       0x14 src/ASF/common/services/usb/class/vendor/device/udi_vendor_desc.o
                0x00802048                udc_device_desc
 .data.udc_string_desc
                0x0080205c       0x32 src/ASF/common/services/usb/udc/udc.o
 .data.udc_string_product_name
                0x0080208e       0x19 src/ASF/common/services/usb/udc/udc.o
 .data.udc_string_manufacturer_name
                0x008020a7        0xa src/ASF/common/services/usb/udc/udc.o
 *fill*         0x008020b1        0x1 
 .data.udc_string_desc_languageid
                0x008020b2        0x4 src/ASF/common/services/usb/udc/udc.o
 *(.rodata)
 *(.rodata*)
 .rodata.CSWTCH.44
                0x008020b6        0xe src/ASF/xmega/drivers/usb/usb_device.o
 *(.gnu.linkonce.d*)
                0x008020c4                . = ALIGN (0x2)
                0x008020c4                _edata = .
                0x008020c4                PROVIDE (__data_end, .)

.bss            0x008020c4      0xda8
                0x008020c4                PROVIDE (__bss_start, .)
 *(.bss)
 *(.bss*)
 .bss.outOfRange
                0x008020c4        0x4 src/tiny_calibration.o
                0x008020c4                outOfRange
 .bss.cntCntCnt
                0x008020c8        0x2 src/main.o
                0x008020c8                cntCntCnt
 .bss.tcinit    0x008020ca        0x1 src/main.o
                0x008020ca                tcinit
 .bss.firstFrame
                0x008020cb        0x1 src/main.o
                0x008020cb                firstFrame
 .bss.PSU_target
                0x008020cc        0x1 src/main.o
                0x008020cc                PSU_target
 .bss.usb_state
                0x008020cd        0x1 src/main.o
                0x008020cd                usb_state
 .bss.b2_state  0x008020ce        0x1 src/main.o
                0x008020ce                b2_state
 .bss.b1_state  0x008020cf        0x1 src/main.o
                0x008020cf                b1_state
 .bss.main_b_vendor_enable
                0x008020d0        0x1 src/main.o
                0x008020d0                main_b_vendor_enable
 .bss.udi_vendor_alternate_setting
                0x008020d1        0x1 src/ASF/common/services/usb/class/vendor/device/udi_vendor.o
 .bss.udc_ep_status.5522
                0x008020d2        0x2 src/ASF/common/services/usb/udc/udc.o
 .bss.udc_ptr_iface
                0x008020d4        0x2 src/ASF/common/services/usb/udc/udc.o
 .bss.udc_ptr_conf
                0x008020d6        0x2 src/ASF/common/services/usb/udc/udc.o
 .bss.udc_num_configuration
                0x008020d8        0x2 src/ASF/common/services/usb/udc/udc.o
 .bss.udc_iface_setting
                0x008020da        0x2 src/ASF/common/services/usb/udc/udc.o
 .bss.udc_device_status
                0x008020dc        0x2 src/ASF/common/services/usb/udc/udc.o
 .bss.b_shortpacket.5272
                0x008020de        0x1 src/ASF/xmega/drivers/usb/usb_device.o
 .bss.udd_ep_out_cache_buffer
                0x008020df       0xc0 src/ASF/xmega/drivers/usb/usb_device.o
 .bss.udd_ep_job
                0x0080219f       0x36 src/ASF/xmega/drivers/usb/usb_device.o
 .bss.udd_ctrl_buffer
                0x008021d5       0x40 src/ASF/xmega/drivers/usb/usb_device.o
 .bss.udd_ctrl_payload_nb_trans
                0x00802215        0x2 src/ASF/xmega/drivers/usb/usb_device.o
 .bss.udd_ctrl_prev_payload_nb_trans
                0x00802217        0x2 src/ASF/xmega/drivers/usb/usb_device.o
 .bss.udd_ep_control_state
                0x00802219        0x1 src/ASF/xmega/drivers/usb/usb_device.o
 *fill*         0x0080221a        0x2 
 .bss.udd_sram  0x0080221c       0x54 src/ASF/xmega/drivers/usb/usb_device.o
 .bss.udd_b_idle
                0x00802270        0x1 src/ASF/xmega/drivers/usb/usb_device.o
 *(COMMON)
 COMMON         0x00802271        0x4 src/tiny_calibration.o
                0x00802271                calTemp
                0x00802273                gradient
 *fill*         0x00802275        0x1 
 COMMON         0x00802276      0xbf0 src/main.o
                0x00802276                debug_counter
                0x0080227a                dacBuf_CH1
                0x0080247a                udd_g_ctrlreq
                0x0080248a                dacBuf_CH2
                0x0080268a                isoBuf
                0x00802c66                cntCnt
 COMMON         0x00802e66        0x6 src/ASF/common/services/sleepmgr/xmega/sleepmgr.o
                0x00802e66                sleepmgr_locks
                0x00802e6c                PROVIDE (__bss_end, .)
                0x00002548                __data_load_start = LOADADDR (.data)
                0x0000260c                __data_load_end = (__data_load_start + SIZEOF (.data))

.noinit         0x00802e6c        0x0
                [!provide]                PROVIDE (__noinit_start, .)
 *(.noinit*)
                [!provide]                PROVIDE (__noinit_end, .)
                0x00802e6c                _end = .
                [!provide]                PROVIDE (__heap_start, .)

.eeprom         0x00810000        0x0
 *(.eeprom*)
                0x00810000                __eeprom_end = .

.fuse
 *(.fuse)
 *(.lfuse)
 *(.hfuse)
 *(.efuse)

.lock
 *(.lock*)

.signature
 *(.signature*)

.user_signatures
 *(.user_signatures*)

.stab
 *(.stab)

.stabstr
 *(.stabstr)

.stab.excl
 *(.stab.excl)

.stab.exclstr
 *(.stab.exclstr)

.stab.index
 *(.stab.index)

.stab.indexstr
 *(.stab.indexstr)

.comment        0x00000000       0x30
 *(.comment)
 .comment       0x00000000       0x30 src/tiny_calibration.o
                                 0x31 (size before relaxing)
 .comment       0x00000030       0x31 src/tiny_dig.o
 .comment       0x00000030       0x31 src/ASF/common/boards/user_board/init.o
 .comment       0x00000030       0x31 src/main.o
 .comment       0x00000030       0x31 src/tiny_adc.o
 .comment       0x00000030       0x31 src/tiny_dac.o
 .comment       0x00000030       0x31 src/tiny_dma.o
 .comment       0x00000030       0x31 src/tiny_timer.o
 .comment       0x00000030       0x31 src/tiny_uart.o
 .comment       0x00000030       0x31 src/ASF/common/services/clock/xmega/sysclk.o
 .comment       0x00000030       0x31 src/ASF/common/services/sleepmgr/xmega/sleepmgr.o
 .comment       0x00000030       0x31 src/ASF/common/services/usb/class/vendor/device/udi_vendor.o
 .comment       0x00000030       0x31 src/ASF/common/services/usb/class/vendor/device/udi_vendor_desc.o
 .comment       0x00000030       0x31 src/ASF/common/services/usb/udc/udc.o
 .comment       0x00000030       0x31 src/ASF/xmega/drivers/usb/usb_device.o

.note.gnu.avr.deviceinfo
                0x00000000       0x40
 .note.gnu.avr.deviceinfo
                0x00000000       0x40 C:/Program Files (x86)/Atmel/Studio/7.0/Packs/atmel/XMEGAA_DFP/1.0.39/gcc/dev/atxmega32a4u/avrxmega2/crtatxmega32a4u.o

.note.gnu.build-id
 *(.note.gnu.build-id)

.debug
 *(.debug)

.line
 *(.line)

.debug_srcinfo
 *(.debug_srcinfo)

.debug_sfnames
 *(.debug_sfnames)

.debug_aranges  0x00000000       0x48
 *(.debug_aranges)
 .debug_aranges
                0x00000000       0x20 src/ASF/xmega/drivers/cpu/ccp.o
 .debug_aranges
                0x00000020       0x28 src/ASF/xmega/drivers/nvm/nvm_asm.o

.debug_pubnames
 *(.debug_pubnames)

.debug_info     0x00000000      0x126
 *(.debug_info .gnu.linkonce.wi.*)
 .debug_info    0x00000000       0x93 src/ASF/xmega/drivers/cpu/ccp.o
 .debug_info    0x00000093       0x93 src/ASF/xmega/drivers/nvm/nvm_asm.o

.debug_abbrev   0x00000000       0x26
 *(.debug_abbrev)
 .debug_abbrev  0x00000000       0x14 src/ASF/xmega/drivers/cpu/ccp.o
 .debug_abbrev  0x00000014       0x12 src/ASF/xmega/drivers/nvm/nvm_asm.o

.debug_line     0x00000000      0x18d
 *(.debug_line .debug_line.* .debug_line_end)
 .debug_line    0x00000000       0x6e src/ASF/xmega/drivers/cpu/ccp.o
 .debug_line    0x0000006e      0x11f src/ASF/xmega/drivers/nvm/nvm_asm.o

.debug_frame
 *(.debug_frame)

.debug_str
 *(.debug_str)

.debug_loc
 *(.debug_loc)

.debug_macinfo
 *(.debug_macinfo)

.debug_weaknames
 *(.debug_weaknames)

.debug_funcnames
 *(.debug_funcnames)

.debug_typenames
 *(.debug_typenames)

.debug_varnames
 *(.debug_varnames)

.debug_pubtypes
 *(.debug_pubtypes)

.debug_ranges   0x00000000       0x20
 *(.debug_ranges)
 .debug_ranges  0x00000000       0x20 src/ASF/xmega/drivers/nvm/nvm_asm.o

.debug_macro
 *(.debug_macro)
OUTPUT(USB_BULK_TEST.elf elf32-avr)
LOAD linker stubs
