Archive member included to satisfy reference by file (symbol)

c:/program files (x86)/atmel/studio/7.0/toolchain/avr8/avr8-gnu-toolchain/bin/../lib/gcc/avr/4.9.2/avrxmega2\libgcc.a(_udivmodhi4.o)
                              src/ASF/xmega/drivers/usb/usb_device.o (__udivmodhi4)
c:/program files (x86)/atmel/studio/7.0/toolchain/avr8/avr8-gnu-toolchain/bin/../lib/gcc/avr/4.9.2/avrxmega2\libgcc.a(_exit.o)
                              C:/Program Files (x86)/Atmel/Studio/7.0/Packs/atmel/XMEGAA_DFP/1.0.39/gcc/dev/atxmega32a4u/avrxmega2/crtatxmega32a4u.o (exit)
c:/program files (x86)/atmel/studio/7.0/toolchain/avr8/avr8-gnu-toolchain/bin/../lib/gcc/avr/4.9.2/avrxmega2\libgcc.a(_tablejump2.o)
                              src/main.o (__tablejump2__)
c:/program files (x86)/atmel/studio/7.0/toolchain/avr8/avr8-gnu-toolchain/bin/../lib/gcc/avr/4.9.2/avrxmega2\libgcc.a(_copy_data.o)
                              src/main.o (__do_copy_data)
c:/program files (x86)/atmel/studio/7.0/toolchain/avr8/avr8-gnu-toolchain/bin/../lib/gcc/avr/4.9.2/avrxmega2\libgcc.a(_clear_bss.o)
                              src/main.o (__do_clear_bss)
c:/program files (x86)/atmel/studio/7.0/toolchain/avr8/avr8-gnu-toolchain/bin/../lib/gcc/avr/4.9.2/../../../../avr/lib/avrxmega2\libc.a(memcpy.o)
                              src/ASF/xmega/drivers/nvm/nvm.o (memcpy)

Allocating common symbols
Common symbol       size              file

debug_counter       0x4               src/main.o
dacBuf_CH1          0x200             src/main.o
udd_g_ctrlreq       0x10              src/main.o
sleepmgr_locks      0x6               src/ASF/common/services/sleepmgr/xmega/sleepmgr.o
dacBuf_CH2          0x200             src/main.o
isoBuf              0x5dc             src/main.o

Discarded input sections

 .data          0x00000000        0x0 C:/Program Files (x86)/Atmel/Studio/7.0/Packs/atmel/XMEGAA_DFP/1.0.39/gcc/dev/atxmega32a4u/avrxmega2/crtatxmega32a4u.o
 .bss           0x00000000        0x0 C:/Program Files (x86)/Atmel/Studio/7.0/Packs/atmel/XMEGAA_DFP/1.0.39/gcc/dev/atxmega32a4u/avrxmega2/crtatxmega32a4u.o
 .group         0x00000000        0x8 src/tiny_dig.o
 .group         0x00000000        0x8 src/tiny_dig.o
 .group         0x00000000        0x8 src/tiny_dig.o
 .group         0x00000000        0x8 src/tiny_dig.o
 .group         0x00000000        0x8 src/tiny_dig.o
 .group         0x00000000        0x8 src/tiny_dig.o
 .group         0x00000000        0x8 src/tiny_dig.o
 .group         0x00000000        0x8 src/tiny_dig.o
 .group         0x00000000        0x8 src/tiny_dig.o
 .group         0x00000000        0x8 src/tiny_dig.o
 .group         0x00000000        0x8 src/tiny_dig.o
 .group         0x00000000        0x8 src/tiny_dig.o
 .group         0x00000000        0x8 src/tiny_dig.o
 .group         0x00000000        0x8 src/tiny_dig.o
 .group         0x00000000        0x8 src/tiny_dig.o
 .group         0x00000000        0x8 src/tiny_dig.o
 .group         0x00000000        0x8 src/tiny_dig.o
 .group         0x00000000        0x8 src/tiny_dig.o
 .group         0x00000000        0x8 src/tiny_dig.o
 .group         0x00000000        0x8 src/tiny_dig.o
 .group         0x00000000        0x8 src/tiny_dig.o
 .group         0x00000000        0x8 src/tiny_dig.o
 .group         0x00000000        0x8 src/tiny_dig.o
 .group         0x00000000        0x8 src/tiny_dig.o
 .group         0x00000000        0x8 src/tiny_dig.o
 .group         0x00000000        0x8 src/tiny_dig.o
 .group         0x00000000        0x8 src/tiny_dig.o
 .group         0x00000000        0x8 src/tiny_dig.o
 .group         0x00000000        0x8 src/tiny_dig.o
 .group         0x00000000        0x8 src/tiny_dig.o
 .group         0x00000000        0x8 src/tiny_dig.o
 .group         0x00000000        0x8 src/tiny_dig.o
 .group         0x00000000        0x8 src/tiny_dig.o
 .group         0x00000000        0x8 src/tiny_dig.o
 .group         0x00000000        0x8 src/tiny_dig.o
 .group         0x00000000        0x8 src/tiny_dig.o
 .group         0x00000000        0x8 src/tiny_dig.o
 .group         0x00000000        0x8 src/tiny_dig.o
 .group         0x00000000        0x8 src/tiny_dig.o
 .group         0x00000000        0x8 src/tiny_dig.o
 .group         0x00000000        0x8 src/tiny_dig.o
 .group         0x00000000        0x8 src/tiny_dig.o
 .group         0x00000000        0x8 src/tiny_dig.o
 .group         0x00000000        0x8 src/tiny_dig.o
 .group         0x00000000        0x8 src/tiny_dig.o
 .group         0x00000000        0x8 src/tiny_dig.o
 .group         0x00000000        0x8 src/tiny_dig.o
 .group         0x00000000        0x8 src/tiny_dig.o
 .group         0x00000000        0x8 src/tiny_dig.o
 .group         0x00000000        0x8 src/tiny_dig.o
 .text          0x00000000        0x0 src/tiny_dig.o
 .data          0x00000000        0x0 src/tiny_dig.o
 .bss           0x00000000        0x0 src/tiny_dig.o
 .group         0x00000000        0x8 src/ASF/common/boards/user_board/init.o
[...]
Memory Configuration

Name             Origin             Length             Attributes
text             0x00000000         0x00100000         xr
data             0x00802000         0x0000ffa0         rw !x
eeprom           0x00810000         0x00010000         rw !x
fuse             0x00820000         0x00000400         rw !x
lock             0x00830000         0x00000400         rw !x
signature        0x00840000         0x00000400         rw !x
user_signatures  0x00850000         0x00000400         rw !x
*default*        0x00000000         0xffffffff

Linker script and memory map

LOAD C:/Program Files (x86)/Atmel/Studio/7.0/Packs/atmel/XMEGAA_DFP/1.0.39/gcc/dev/atxmega32a4u/avrxmega2/crtatxmega32a4u.o
LOAD src/tiny_dig.o
LOAD src/ASF/common/boards/user_board/init.o
LOAD src/ASF/common/services/ioport/xmega/ioport_compat.o
LOAD src/main.o
LOAD src/tiny_adc.o
LOAD src/tiny_dac.o
LOAD src/tiny_dma.o
LOAD src/tiny_timer.o
LOAD src/tiny_uart.o
LOAD src/ASF/common/services/usb/class/vendor/device/example/atxmega256a3bu_xmega_a3bu_xplained/ui.o
LOAD src/ASF/common/services/clock/xmega/sysclk.o
LOAD src/ASF/common/services/sleepmgr/xmega/sleepmgr.o
LOAD src/ASF/common/services/usb/class/vendor/device/udi_vendor.o
LOAD src/ASF/common/services/usb/class/vendor/device/udi_vendor_desc.o
LOAD src/ASF/common/services/usb/udc/udc.o
LOAD src/ASF/xmega/drivers/cpu/ccp.o
LOAD src/ASF/xmega/drivers/nvm/nvm.o
LOAD src/ASF/xmega/drivers/nvm/nvm_asm.o
LOAD src/ASF/xmega/drivers/usb/usb_device.o
START GROUP
LOAD c:/program files (x86)/atmel/studio/7.0/toolchain/avr8/avr8-gnu-toolchain/bin/../lib/gcc/avr/4.9.2/../../../../avr/lib/avrxmega2\libm.a
END GROUP
START GROUP
LOAD c:/program files (x86)/atmel/studio/7.0/toolchain/avr8/avr8-gnu-toolchain/bin/../lib/gcc/avr/4.9.2/avrxmega2\libgcc.a
LOAD c:/program files (x86)/atmel/studio/7.0/toolchain/avr8/avr8-gnu-toolchain/bin/../lib/gcc/avr/4.9.2/../../../../avr/lib/avrxmega2\libm.a
LOAD c:/program files (x86)/atmel/studio/7.0/toolchain/avr8/avr8-gnu-toolchain/bin/../lib/gcc/avr/4.9.2/../../../../avr/lib/avrxmega2\libc.a
LOAD C:/Program Files (x86)/Atmel/Studio/7.0/Packs/atmel/XMEGAA_DFP/1.0.39/gcc/dev/atxmega32a4u/avrxmega2\libatxmega32a4u.a
END GROUP
                0x00100000                __TEXT_REGION_LENGTH__ = DEFINED (__TEXT_REGION_LENGTH__)?__TEXT_REGION_LENGTH__:0x100000
                0x0000ffa0                __DATA_REGION_LENGTH__ = DEFINED (__DATA_REGION_LENGTH__)?__DATA_REGION_LENGTH__:0xffa0
                0x00010000                __EEPROM_REGION_LENGTH__ = DEFINED (__EEPROM_REGION_LENGTH__)?__EEPROM_REGION_LENGTH__:0x10000
                0x00000400                __FUSE_REGION_LENGTH__ = DEFINED (__FUSE_REGION_LENGTH__)?__FUSE_REGION_LENGTH__:0x400
                0x00000400                __LOCK_REGION_LENGTH__ = DEFINED (__LOCK_REGION_LENGTH__)?__LOCK_REGION_LENGTH__:0x400
                0x00000400                __SIGNATURE_REGION_LENGTH__ = DEFINED (__SIGNATURE_REGION_LENGTH__)?__SIGNATURE_REGION_LENGTH__:0x400
                0x00000400                __USER_SIGNATURE_REGION_LENGTH__ = DEFINED (__USER_SIGNATURE_REGION_LENGTH__)?__USER_SIGNATURE_REGION_LENGTH__:0x400

.hash
 *(.hash)

.dynsym
 *(.dynsym)

.dynstr
 *(.dynstr)

.gnu.version
 *(.gnu.version)

.gnu.version_d
 *(.gnu.version_d)

.gnu.version_r
 *(.gnu.version_r)

.rel.init
 *(.rel.init)

.rela.init
 *(.rela.init)

.rel.text
 *(.rel.text)
 *(.rel.text.*)
 *(.rel.gnu.linkonce.t*)

.rela.text
 *(.rela.text)
 *(.rela.text.*)
 *(.rela.gnu.linkonce.t*)

.rel.fini
 *(.rel.fini)

.rela.fini
 *(.rela.fini)

.rel.rodata
 *(.rel.rodata)
 *(.rel.rodata.*)
 *(.rel.gnu.linkonce.r*)

.rela.rodata
 *(.rela.rodata)
 *(.rela.rodata.*)
 *(.rela.gnu.linkonce.r*)

.rel.data
 *(.rel.data)
 *(.rel.data.*)
 *(.rel.gnu.linkonce.d*)

.rela.data
 *(.rela.data)
 *(.rela.data.*)
 *(.rela.gnu.linkonce.d*)

.rel.ctors
 *(.rel.ctors)

.rela.ctors
 *(.rela.ctors)

.rel.dtors
 *(.rel.dtors)

.rela.dtors
 *(.rela.dtors)

.rel.got
 *(.rel.got)

.rela.got
 *(.rela.got)

.rel.bss
 *(.rel.bss)

.rela.bss
 *(.rela.bss)

.rel.plt
 *(.rel.plt)

.rela.plt
 *(.rela.plt)

.text           0x00000000     0x2c24
 *(.vectors)
 .vectors       0x00000000      0x1fc C:/Program Files (x86)/Atmel/Studio/7.0/Packs/atmel/XMEGAA_DFP/1.0.39/gcc/dev/atxmega32a4u/avrxmega2/crtatxmega32a4u.o
                0x00000000                __vector_default
                0x00000000                __vectors
 *(.vectors)
 *(.progmem.gcc*)
 .progmem.gcc_sw_table.main_sof_action
                0x000001fc       0x10 src/main.o
 .progmem.gcc_sw_table.udc_process_setup
                0x0000020c       0x40 src/ASF/common/services/usb/udc/udc.o
 .progmem.gcc_sw_table.udd_ep_get_size
                0x0000024c        0xe src/ASF/xmega/drivers/usb/usb_device.o
                0x0000025a                . = ALIGN (0x2)
                0x0000025a                __trampolines_start = .
 *(.trampolines)
 .trampolines   0x0000025a        0x0 linker stubs
 *(.trampolines*)
                0x0000025a                __trampolines_end = .
 *libprintf_flt.a:*(.progmem.data)
 *libc.a:*(.progmem.data)
 *(.progmem*)
                0x0000025a                . = ALIGN (0x2)
 *(.jumptables)
 *(.jumptables*)
 *(.lowtext)
 *(.lowtext*)
                0x0000025a                __ctors_start = .
 *(.ctors)
                0x0000025a                __ctors_end = .
                0x0000025a                __dtors_start = .
 *(.dtors)
                0x0000025a                __dtors_end = .
 SORT(*)(.ctors)
 SORT(*)(.dtors)
 *(.init0)
 .init0         0x0000025a        0x0 C:/Program Files (x86)/Atmel/Studio/7.0/Packs/atmel/XMEGAA_DFP/1.0.39/gcc/dev/atxmega32a4u/avrxmega2/crtatxmega32a4u.o
                0x0000025a                __init
 *(.init0)
 *(.init1)
 *(.init1)
 *(.init2)
 .init2         0x0000025a        0xc C:/Program Files (x86)/Atmel/Studio/7.0/Packs/atmel/XMEGAA_DFP/1.0.39/gcc/dev/atxmega32a4u/avrxmega2/crtatxmega32a4u.o
 *(.init2)
 *(.init3)
 *(.init3)
 *(.init4)
 .init4         0x00000266       0x16 c:/program files (x86)/atmel/studio/7.0/toolchain/avr8/avr8-gnu-toolchain/bin/../lib/gcc/avr/4.9.2/avrxmega2\libgcc.a(_copy_data.o)
                0x00000266                __do_copy_data
 .init4         0x0000027c       0x10 c:/program files (x86)/atmel/studio/7.0/toolchain/avr8/avr8-gnu-toolchain/bin/../lib/gcc/avr/4.9.2/avrxmega2\libgcc.a(_clear_bss.o)
                0x0000027c                __do_clear_bss
 *(.init4)
 *(.init5)
 *(.init5)
 *(.init6)
 *(.init6)
 *(.init7)
 *(.init7)
 *(.init8)
 *(.init8)
 *(.init9)
 .init9         0x0000028c        0x6 C:/Program Files (x86)/Atmel/Studio/7.0/Packs/atmel/XMEGAA_DFP/1.0.39/gcc/dev/atxmega32a4u/avrxmega2/crtatxmega32a4u.o
 *(.init9)
 *(.text)
 .text          0x00000292        0x2 C:/Program Files (x86)/Atmel/Studio/7.0/Packs/atmel/XMEGAA_DFP/1.0.39/gcc/dev/atxmega32a4u/avrxmega2/crtatxmega32a4u.o
                0x00000292                __vector_38
                0x00000292                __vector_104
                0x00000292                __vector_22
                0x00000292                __vector_63
                0x00000292                __vector_28
                0x00000292                __vector_67
                0x00000292                __vector_1
                0x00000292                __vector_119
                0x00000292                __vector_32
                0x00000292                __vector_75
                0x00000292                __vector_71
                0x00000292                __vector_91
                0x00000292                __vector_34
                0x00000292                __vector_62
                0x00000292                __vector_77
                0x00000292                __vector_102
                0x00000292                __vector_12
                0x00000292                __vector_55
                0x00000292                __vector_69
                0x00000292                __vector_81
                0x00000292                __vector_90
                0x00000292                __vector_46
                0x00000292                __bad_interrupt
                0x00000292                __vector_122
                0x00000292                __vector_72
                0x00000292                __vector_114
                0x00000292                __vector_110
                0x00000292                __vector_31
                0x00000292                __vector_92
                0x00000292                __vector_35
                0x00000292                __vector_78
                0x00000292                __vector_74
                0x00000292                __vector_117
                0x00000292                __vector_39
                0x00000292                __vector_107
                0x00000292                __vector_3
                0x00000292                __vector_105
                0x00000292                __vector_98
                0x00000292                __vector_23
                0x00000292                __vector_68
                0x00000292                __vector_30
                0x00000292                __vector_73
                0x00000292                __vector_45
                0x00000292                __vector_25
                0x00000292                __vector_93
                0x00000292                __vector_61
                0x00000292                __vector_11
                0x00000292                __vector_54
                0x00000292                __vector_99
                0x00000292                __vector_13
                0x00000292                __vector_17
                0x00000292                __vector_19
                0x00000292                __vector_56
                0x00000292                __vector_49
                0x00000292                __vector_123
                0x00000292                __vector_41
                0x00000292                __vector_86
                0x00000292                __vector_100
                0x00000292                __vector_101
                0x00000292                __vector_64
                0x00000292                __vector_88
                0x00000292                __vector_109
                0x00000292                __vector_43
                0x00000292                __vector_27
                0x00000292                __vector_5
                0x00000292                __vector_113
                0x00000292                __vector_33
                0x00000292                __vector_76
                0x00000292                __vector_115
                0x00000292                __vector_47
                0x00000292                __vector_52
                0x00000292                __vector_37
                0x00000292                __vector_95
                0x00000292                __vector_103
                0x00000292                __vector_96
                0x00000292                __vector_89
                0x00000292                __vector_108
                0x00000292                __vector_4
                0x00000292                __vector_44
                0x00000292                __vector_82
                0x00000292                __vector_106
                0x00000292                __vector_118
                0x00000292                __vector_51
                0x00000292                __vector_2
                0x00000292                __vector_21
                0x00000292                __vector_15
                0x00000292                __vector_66
                0x00000292                __vector_36
                0x00000292                __vector_79
                0x00000292                __vector_58
                0x00000292                __vector_70
                0x00000292                __vector_29
                0x00000292                __vector_60
                0x00000292                __vector_121
                0x00000292                __vector_40
                0x00000292                __vector_85
                0x00000292                __vector_94
                0x00000292                __vector_8
                0x00000292                __vector_26
                0x00000292                __vector_48
                0x00000292                __vector_124
                0x00000292                __vector_116
                0x00000292                __vector_112
                0x00000292                __vector_111
                0x00000292                __vector_80
                0x00000292                __vector_14
                0x00000292                __vector_84
                0x00000292                __vector_57
                0x00000292                __vector_53
                0x00000292                __vector_10
                0x00000292                __vector_50
                0x00000292                __vector_16
                0x00000292                __vector_59
                0x00000292                __vector_18
                0x00000292                __vector_97
                0x00000292                __vector_20
                0x00000292                __vector_42
                0x00000292                __vector_87
                0x00000292                __vector_65
                0x00000292                __vector_120
                0x00000294                . = ALIGN (0x2)
 *(.text.*)
 .text.tiny_dig_setup
                0x00000294        0xe src/tiny_dig.o
                0x00000294                tiny_dig_setup
 .text.board_init
                0x000002a2        0x2 src/ASF/common/boards/user_board/init.o
                0x000002a2                board_init
 .text.iso_callback
                0x000002a4       0x24 src/main.o
                0x000002a4                iso_callback
 .text.iso_callback2
                0x000002c8       0x24 src/main.o
                0x000002c8                iso_callback2
 .text.iso_callback3
                0x000002ec       0x24 src/main.o
                0x000002ec                iso_callback3
 .text.main     0x00000310       0x60 src/main.o
                0x00000310                main
 .text.main_suspend_action
                0x00000370        0x2 src/main.o
                0x00000370                main_suspend_action
 .text.main_resume_action
                0x00000372        0x2 src/main.o
                0x00000372                main_resume_action
 .text.main_sof_action
                0x00000374       0x42 src/main.o
                0x00000374                main_sof_action
 .text.main_vendor_enable
                0x000003b6       0x34 src/main.o
                0x000003b6                main_vendor_enable
 .text.main_vendor_disable
                0x000003ea        0x6 src/main.o
                0x000003ea                main_vendor_disable
 .text.main_setup_out_received
                0x000003f0        0x4 src/main.o
                0x000003f0                main_setup_out_received
 .text.main_setup_in_received
                0x000003f4        0x4 src/main.o
                0x000003f4                main_setup_in_received
 .text.tiny_adc_ch0setup
                0x000003f8       0x1e src/tiny_adc.o
                0x000003f8                tiny_adc_ch0setup
 .text.tiny_adc_ch1setup
                0x00000416       0x14 src/tiny_adc.o
                0x00000416                tiny_adc_ch1setup
 .text.tiny_adc_pid_setup
                0x0000042a       0x14 src/tiny_adc.o
                0x0000042a                tiny_adc_pid_setup
 .text.ReadCalibrationByte
                0x0000043e       0x12 src/tiny_adc.o
                0x0000043e                ReadCalibrationByte
 .text.tiny_adc_setup
                0x00000450       0x7a src/tiny_adc.o
                0x00000450                tiny_adc_setup
 .text.tiny_dac_setup
                0x000004ca       0x48 src/tiny_dac.o
                0x000004ca                tiny_dac_setup
 .text.tiny_dma_setup
                0x00000512       0x12 src/tiny_dma.o
                0x00000512                tiny_dma_setup
 .text.tiny_dma_flush
                0x00000524       0x20 src/tiny_dma.o
                0x00000524                tiny_dma_flush
 .text.tiny_dma_set_mode_0
                0x00000544       0xe6 src/tiny_dma.o
                0x00000544                tiny_dma_set_mode_0
 .text.tiny_dma_loop_mode_0
                0x0000062a        0x2 src/tiny_dma.o
                0x0000062a                tiny_dma_loop_mode_0
 .text.tiny_dma_set_mode_1
                0x0000062c       0xf0 src/tiny_dma.o
                0x0000062c                tiny_dma_set_mode_1
 .text.tiny_dma_loop_mode_1
                0x0000071c        0x2 src/tiny_dma.o
                0x0000071c                tiny_dma_loop_mode_1
 .text.tiny_dma_set_mode_2
                0x0000071e       0xe6 src/tiny_dma.o
                0x0000071e                tiny_dma_set_mode_2
 .text.tiny_dma_loop_mode_2
                0x00000804        0x2 src/tiny_dma.o
                0x00000804                tiny_dma_loop_mode_2
 .text.tiny_dma_set_mode_3
                0x00000806       0xf8 src/tiny_dma.o
                0x00000806                tiny_dma_set_mode_3
 .text.tiny_dma_loop_mode_3
                0x000008fe        0x2 src/tiny_dma.o
                0x000008fe                tiny_dma_loop_mode_3
 .text.tiny_dma_set_mode_4
                0x00000900       0xec src/tiny_dma.o
                0x00000900                tiny_dma_set_mode_4
 .text.tiny_dma_loop_mode_4
                0x000009ec        0x2 src/tiny_dma.o
                0x000009ec                tiny_dma_loop_mode_4
 .text.tiny_dma_set_mode_5
                0x000009ee       0x90 src/tiny_dma.o
                0x000009ee                tiny_dma_set_mode_5
 .text.tiny_dma_set_mode_6
                0x00000a7e       0x92 src/tiny_dma.o
                0x00000a7e                tiny_dma_set_mode_6
 .text.tiny_dma_loop_mode_6
                0x00000b10       0x5c src/tiny_dma.o
                0x00000b10                tiny_dma_loop_mode_6
 .text.tiny_dma_set_mode_7
                0x00000b6c       0x92 src/tiny_dma.o
                0x00000b6c                tiny_dma_set_mode_7
 .text.tiny_dma_loop_mode_7
                0x00000bfe       0x5c src/tiny_dma.o
                0x00000bfe                tiny_dma_loop_mode_7
 .text.__vector_6
                0x00000c5a      0x1de src/tiny_dma.o
                0x00000c5a                __vector_6
 .text.__vector_7
                0x00000e38       0xde src/tiny_dma.o
                0x00000e38                __vector_7
 .text.__vector_9
                0x00000f16       0x7c src/tiny_dma.o
                0x00000f16                __vector_9
 .text.tiny_timer_setup
                0x00000f92       0x76 src/tiny_timer.o
                0x00000f92                tiny_timer_setup
 .text.__vector_83
                0x00001008       0xee src/tiny_timer.o
                0x00001008                __vector_83
 .text.tiny_uart_setup
                0x000010f6       0x30 src/tiny_uart.o
                0x000010f6                tiny_uart_setup
 .text.tiny_spi_setup
                0x00001126       0x1e src/tiny_uart.o
                0x00001126                tiny_spi_setup
 .text.__vector_24
                0x00001144       0x16 src/tiny_uart.o
                0x00001144                __vector_24
 .text.sysclk_init
                0x0000115a       0xe0 src/ASF/common/services/clock/xmega/sysclk.o
                0x0000115a                sysclk_init
 .text.sysclk_enable_module
                0x0000123a       0x18 src/ASF/common/services/clock/xmega/sysclk.o
                0x0000123a                sysclk_enable_module
 .text.sysclk_enable_usb
                0x00001252       0x6e src/ASF/common/services/clock/xmega/sysclk.o
                0x00001252                sysclk_enable_usb
 .text.udi_vendor_getsetting
                0x000012c0        0x6 src/ASF/common/services/usb/class/vendor/device/udi_vendor.o
                0x000012c0                udi_vendor_getsetting
 .text.udi_vendor_enable
                0x000012c6       0x16 src/ASF/common/services/usb/class/vendor/device/udi_vendor.o
                0x000012c6                udi_vendor_enable
 .text.udi_vendor_disable
                0x000012dc        0xc src/ASF/common/services/usb/class/vendor/device/udi_vendor.o
                0x000012dc                udi_vendor_disable
 .text.udi_vendor_setup
                0x000012e8       0x4c src/ASF/common/services/usb/class/vendor/device/udi_vendor.o
                0x000012e8                udi_vendor_setup
 .text.udi_vendor_iso_in_run
                0x00001334       0x18 src/ASF/common/services/usb/class/vendor/device/udi_vendor.o
                0x00001334                udi_vendor_iso_in_run
 .text.udi_vendor_iso_in_run2
                0x0000134c       0x18 src/ASF/common/services/usb/class/vendor/device/udi_vendor.o
                0x0000134c                udi_vendor_iso_in_run2
 .text.udi_vendor_iso_in_run3
                0x00001364       0x18 src/ASF/common/services/usb/class/vendor/device/udi_vendor.o
                0x00001364                udi_vendor_iso_in_run3
 .text.udc_next_desc_in_iface
                0x0000137c       0x64 src/ASF/common/services/usb/udc/udc.o
 .text.udc_valid_address
                0x000013e0        0xc src/ASF/common/services/usb/udc/udc.o
 .text.udc_update_iface_desc
                0x000013ec       0x74 src/ASF/common/services/usb/udc/udc.o
 .text.udc_iface_disable
                0x00001460       0x84 src/ASF/common/services/usb/udc/udc.o
 .text.udc_iface_enable
                0x000014e4       0x64 src/ASF/common/services/usb/udc/udc.o
 .text.udc_get_interface_desc
                0x00001548        0xa src/ASF/common/services/usb/udc/udc.o
                0x00001548                udc_get_interface_desc
 .text.udc_start
                0x00001552        0x4 src/ASF/common/services/usb/udc/udc.o
                0x00001552                udc_start
 .text.udc_reset
                0x00001556       0x4a src/ASF/common/services/usb/udc/udc.o
                0x00001556                udc_reset
 .text.udc_sof_notify
                0x000015a0       0x60 src/ASF/common/services/usb/udc/udc.o
                0x000015a0                udc_sof_notify
 .text.udc_process_setup
                0x00001600      0x712 src/ASF/common/services/usb/udc/udc.o
                0x00001600                udc_process_setup
 .text.ccp_write_io
                0x00001d12        0xc src/ASF/xmega/drivers/cpu/ccp.o
                0x00001d12                ccp_write_io
 .text.nvm_read_byte
                0x00001d1e       0x14 src/ASF/xmega/drivers/nvm/nvm_asm.o
                0x00001d1e                nvm_read_byte
 .text.udd_sleep_mode
                0x00001d32       0x52 src/ASF/xmega/drivers/usb/usb_device.o
 .text.udd_ctrl_init
                0x00001d84       0x4e src/ASF/xmega/drivers/usb/usb_device.o
 .text.udd_ctrl_stall_data
                0x00001dd2       0x1c src/ASF/xmega/drivers/usb/usb_device.o
 .text.udd_ctrl_send_zlp_in
                0x00001dee       0x1c src/ASF/xmega/drivers/usb/usb_device.o
 .text.udd_ctrl_endofrequest
                0x00001e0a       0x10 src/ASF/xmega/drivers/usb/usb_device.o
 .text.udd_ctrl_in_sent
                0x00001e1a       0xd8 src/ASF/xmega/drivers/usb/usb_device.o
 .text.udd_ep_get_size
                0x00001ef2       0x4c src/ASF/xmega/drivers/usb/usb_device.o
 .text.udd_ep_get_job
                0x00001f3e       0x36 src/ASF/xmega/drivers/usb/usb_device.o
 .text.udd_ctrl_interrupt_tc_setup
                0x00001f74       0xde src/ASF/xmega/drivers/usb/usb_device.o
 .text.udd_ep_trans_complet
                0x00002052      0x2b4 src/ASF/xmega/drivers/usb/usb_device.o
 .text.udd_attach
                0x00002306       0x46 src/ASF/xmega/drivers/usb/usb_device.o
                0x00002306                udd_attach
 .text.udd_enable
                0x0000234c      0x10a src/ASF/xmega/drivers/usb/usb_device.o
                0x0000234c                udd_enable
 .text.udd_set_address
                0x00002456        0x6 src/ASF/xmega/drivers/usb/usb_device.o
                0x00002456                udd_set_address
 .text.udd_getaddress
                0x0000245c        0x6 src/ASF/xmega/drivers/usb/usb_device.o
                0x0000245c                udd_getaddress
 .text.udd_set_setup_payload
                0x00002462        0xe src/ASF/xmega/drivers/usb/usb_device.o
                0x00002462                udd_set_setup_payload
 .text.udd_ep_alloc
                0x00002470       0xea src/ASF/xmega/drivers/usb/usb_device.o
                0x00002470                udd_ep_alloc
 .text.udd_ep_is_halted
                0x0000255a       0x36 src/ASF/xmega/drivers/usb/usb_device.o
                0x0000255a                udd_ep_is_halted
 .text.udd_ep_clear_halt
                0x00002590       0x6a src/ASF/xmega/drivers/usb/usb_device.o
                0x00002590                udd_ep_clear_halt
 .text.udd_ep_run
                0x000025fa      0x174 src/ASF/xmega/drivers/usb/usb_device.o
                0x000025fa                udd_ep_run
 .text.udd_ep_abort
                0x0000276e       0x92 src/ASF/xmega/drivers/usb/usb_device.o
                0x0000276e                udd_ep_abort
 .text.udd_ep_free
                0x00002800       0x38 src/ASF/xmega/drivers/usb/usb_device.o
                0x00002800                udd_ep_free
 .text.udd_ep_set_halt
                0x00002838       0x5a src/ASF/xmega/drivers/usb/usb_device.o
                0x00002838                udd_ep_set_halt
 .text.__vector_125
                0x00002892      0x174 src/ASF/xmega/drivers/usb/usb_device.o
                0x00002892                __vector_125
 .text.__vector_126
                0x00002a06      0x1d4 src/ASF/xmega/drivers/usb/usb_device.o
                0x00002a06                __vector_126
 .text.libgcc.div
                0x00002bda       0x28 c:/program files (x86)/atmel/studio/7.0/toolchain/avr8/avr8-gnu-toolchain/bin/../lib/gcc/avr/4.9.2/avrxmega2\libgcc.a(_udivmodhi4.o)
                0x00002bda                __udivmodhi4
 .text.libgcc   0x00002c02        0xc c:/program files (x86)/atmel/studio/7.0/toolchain/avr8/avr8-gnu-toolchain/bin/../lib/gcc/avr/4.9.2/avrxmega2\libgcc.a(_tablejump2.o)
                0x00002c02                __tablejump2__
 .text.avr-libc
                0x00002c0e       0x12 c:/program files (x86)/atmel/studio/7.0/toolchain/avr8/avr8-gnu-toolchain/bin/../lib/gcc/avr/4.9.2/../../../../avr/lib/avrxmega2\libc.a(memcpy.o)
                0x00002c0e                memcpy
                0x00002c20                . = ALIGN (0x2)
 *(.fini9)
 .fini9         0x00002c20        0x0 c:/program files (x86)/atmel/studio/7.0/toolchain/avr8/avr8-gnu-toolchain/bin/../lib/gcc/avr/4.9.2/avrxmega2\libgcc.a(_exit.o)
                0x00002c20                _exit
                0x00002c20                exit
 *(.fini9)
 *(.fini8)
 *(.fini8)
 *(.fini7)
 *(.fini7)
 *(.fini6)
 *(.fini6)
 *(.fini5)
 *(.fini5)
 *(.fini4)
 *(.fini4)
 *(.fini3)
 *(.fini3)
 *(.fini2)
 *(.fini2)
 *(.fini1)
 *(.fini1)
 *(.fini0)
 .fini0         0x00002c20        0x4 c:/program files (x86)/atmel/studio/7.0/toolchain/avr8/avr8-gnu-toolchain/bin/../lib/gcc/avr/4.9.2/avrxmega2\libgcc.a(_exit.o)
 *(.fini0)
                0x00002c24                _etext = .

.data           0x00802000       0xb2 load address 0x00002c24
                0x00802000                PROVIDE (__data_start, .)
 *(.data)
 *(.data*)
 .data.global_mode
                0x00802000        0x1 src/main.o
                0x00802000                global_mode
 .data.dummy    0x00802001        0x1 src/main.o
                0x00802001                dummy
 .data.auxDacBufLen
                0x00802002        0x2 src/main.o
                0x00802002                auxDacBufLen
 .data.dacBuf_len
                0x00802004        0x2 src/main.o
                0x00802004                dacBuf_len
 .data.udi_api_vendor
                0x00802006        0xa src/ASF/common/services/usb/class/vendor/device/udi_vendor.o
                0x00802006                udi_api_vendor
 .data.udc_config
                0x00802010        0x6 src/ASF/common/services/usb/class/vendor/device/udi_vendor_desc.o
                0x00802010                udc_config
 .data.udc_config_lsfs
                0x00802016        0x4 src/ASF/common/services/usb/class/vendor/device/udi_vendor_desc.o
                0x00802016                udc_config_lsfs
 .data.udi_apis
                0x0080201a        0x2 src/ASF/common/services/usb/class/vendor/device/udi_vendor_desc.o
                0x0080201a                udi_apis
 .data.udc_desc_fs
                0x0080201c       0x28 src/ASF/common/services/usb/class/vendor/device/udi_vendor_desc.o
                0x0080201c                udc_desc_fs
 .data.udc_device_desc
                0x00802044       0x14 src/ASF/common/services/usb/class/vendor/device/udi_vendor_desc.o
                0x00802044                udc_device_desc
 .data.udc_string_desc
                0x00802058       0x32 src/ASF/common/services/usb/udc/udc.o
 .data.udc_string_product_name
                0x0080208a       0x19 src/ASF/common/services/usb/udc/udc.o
 .data.udc_string_manufacturer_name
                0x008020a3        0xa src/ASF/common/services/usb/udc/udc.o
 *fill*         0x008020ad        0x1 
 .data.udc_string_desc_languageid
                0x008020ae        0x4 src/ASF/common/services/usb/udc/udc.o
 *(.rodata)
 *(.rodata*)
 *(.gnu.linkonce.d*)
                0x008020b2                . = ALIGN (0x2)
                0x008020b2                _edata = .
                0x008020b2                PROVIDE (__data_end, .)

.bss            0x008020b2      0xb9a
                0x008020b2                PROVIDE (__bss_start, .)
 *(.bss)
 *(.bss*)
 .bss.PSU_target
                0x008020b2        0x1 src/main.o
                0x008020b2                PSU_target
 .bss.usb_state
                0x008020b3        0x1 src/main.o
                0x008020b3                usb_state
 .bss.b2_state  0x008020b4        0x1 src/main.o
                0x008020b4                b2_state
 .bss.b1_state  0x008020b5        0x1 src/main.o
                0x008020b5                b1_state
 .bss.main_b_vendor_enable
                0x008020b6        0x1 src/main.o
                0x008020b6                main_b_vendor_enable
 .bss.udi_vendor_alternate_setting
                0x008020b7        0x1 src/ASF/common/services/usb/class/vendor/device/udi_vendor.o
 .bss.udc_ep_status.5522
                0x008020b8        0x2 src/ASF/common/services/usb/udc/udc.o
 .bss.udc_ptr_iface
                0x008020ba        0x2 src/ASF/common/services/usb/udc/udc.o
 .bss.udc_ptr_conf
                0x008020bc        0x2 src/ASF/common/services/usb/udc/udc.o
 .bss.udc_num_configuration
                0x008020be        0x2 src/ASF/common/services/usb/udc/udc.o
 .bss.udc_iface_setting
                0x008020c0        0x2 src/ASF/common/services/usb/udc/udc.o
 .bss.udc_device_status
                0x008020c2        0x2 src/ASF/common/services/usb/udc/udc.o
 .bss.b_shortpacket.5272
                0x008020c4        0x1 src/ASF/xmega/drivers/usb/usb_device.o
 .bss.udd_ep_out_cache_buffer
                0x008020c5       0xc0 src/ASF/xmega/drivers/usb/usb_device.o
 .bss.udd_ep_job
                0x00802185       0x36 src/ASF/xmega/drivers/usb/usb_device.o
 .bss.udd_ctrl_buffer
                0x008021bb       0x40 src/ASF/xmega/drivers/usb/usb_device.o
 .bss.udd_ctrl_payload_nb_trans
                0x008021fb        0x2 src/ASF/xmega/drivers/usb/usb_device.o
 .bss.udd_ctrl_prev_payload_nb_trans
                0x008021fd        0x2 src/ASF/xmega/drivers/usb/usb_device.o
 .bss.udd_ep_control_state
                0x008021ff        0x1 src/ASF/xmega/drivers/usb/usb_device.o
 .bss.udd_sram  0x00802200       0x54 src/ASF/xmega/drivers/usb/usb_device.o
 .bss.udd_b_idle
                0x00802254        0x1 src/ASF/xmega/drivers/usb/usb_device.o
 *(COMMON)
 *fill*         0x00802255        0x1 
 COMMON         0x00802256      0x9f0 src/main.o
                0x00802256                debug_counter
                0x0080225a                dacBuf_CH1
                0x0080245a                udd_g_ctrlreq
                0x0080246a                dacBuf_CH2
                0x0080266a                isoBuf
 COMMON         0x00802c46        0x6 src/ASF/common/services/sleepmgr/xmega/sleepmgr.o
                0x00802c46                sleepmgr_locks
                0x00802c4c                PROVIDE (__bss_end, .)
                0x00002c24                __data_load_start = LOADADDR (.data)
                0x00002cd6                __data_load_end = (__data_load_start + SIZEOF (.data))

.noinit         0x00802c4c        0x0
                [!provide]                PROVIDE (__noinit_start, .)
 *(.noinit*)
                [!provide]                PROVIDE (__noinit_end, .)
                0x00802c4c                _end = .
                [!provide]                PROVIDE (__heap_start, .)

.eeprom         0x00810000        0x0
 *(.eeprom*)
                0x00810000                __eeprom_end = .

.fuse
 *(.fuse)
 *(.lfuse)
 *(.hfuse)
 *(.efuse)

.lock
 *(.lock*)

.signature
 *(.signature*)

.user_signatures
 *(.user_signatures*)

.stab
 *(.stab)

.stabstr
 *(.stabstr)

.stab.excl
 *(.stab.excl)

.stab.exclstr
 *(.stab.exclstr)

.stab.index
 *(.stab.index)

.stab.indexstr
 *(.stab.indexstr)

.comment        0x00000000       0x30
 *(.comment)
 .comment       0x00000000       0x30 src/tiny_dig.o
                                 0x31 (size before relaxing)
 .comment       0x00000030       0x31 src/ASF/common/boards/user_board/init.o
 .comment       0x00000030       0x31 src/main.o
 .comment       0x00000030       0x31 src/tiny_adc.o
 .comment       0x00000030       0x31 src/tiny_dac.o
 .comment       0x00000030       0x31 src/tiny_dma.o
 .comment       0x00000030       0x31 src/tiny_timer.o
 .comment       0x00000030       0x31 src/tiny_uart.o
 .comment       0x00000030       0x31 src/ASF/common/services/clock/xmega/sysclk.o
 .comment       0x00000030       0x31 src/ASF/common/services/sleepmgr/xmega/sleepmgr.o
 .comment       0x00000030       0x31 src/ASF/common/services/usb/class/vendor/device/udi_vendor.o
 .comment       0x00000030       0x31 src/ASF/common/services/usb/class/vendor/device/udi_vendor_desc.o
 .comment       0x00000030       0x31 src/ASF/common/services/usb/udc/udc.o
 .comment       0x00000030       0x31 src/ASF/xmega/drivers/usb/usb_device.o

.note.gnu.avr.deviceinfo
                0x00000000       0x40
 .note.gnu.avr.deviceinfo
                0x00000000       0x40 C:/Program Files (x86)/Atmel/Studio/7.0/Packs/atmel/XMEGAA_DFP/1.0.39/gcc/dev/atxmega32a4u/avrxmega2/crtatxmega32a4u.o

.note.gnu.build-id
 *(.note.gnu.build-id)

.debug
 *(.debug)

.line
 *(.line)

.debug_srcinfo
 *(.debug_srcinfo)

.debug_sfnames
 *(.debug_sfnames)

.debug_aranges  0x00000000      0x4c0
 *(.debug_aranges)
 .debug_aranges
                0x00000000       0x20 src/tiny_dig.o
 .debug_aranges
                0x00000020       0x20 src/ASF/common/boards/user_board/init.o
 .debug_aranges
                0x00000040       0x70 src/main.o
 .debug_aranges
                0x000000b0       0x40 src/tiny_adc.o
 .debug_aranges
                0x000000f0       0x20 src/tiny_dac.o
 .debug_aranges
                0x00000110       0xb8 src/tiny_dma.o
 .debug_aranges
                0x000001c8       0x28 src/tiny_timer.o
 .debug_aranges
                0x000001f0       0x30 src/tiny_uart.o
 .debug_aranges
                0x00000220       0x40 src/ASF/common/services/clock/xmega/sysclk.o
 .debug_aranges
                0x00000260       0x18 src/ASF/common/services/sleepmgr/xmega/sleepmgr.o
 .debug_aranges
                0x00000278       0x58 src/ASF/common/services/usb/class/vendor/device/udi_vendor.o
 .debug_aranges
                0x000002d0       0x18 src/ASF/common/services/usb/class/vendor/device/udi_vendor_desc.o
 .debug_aranges
                0x000002e8       0x70 src/ASF/common/services/usb/udc/udc.o
 .debug_aranges
                0x00000358       0x20 src/ASF/xmega/drivers/cpu/ccp.o
 .debug_aranges
                0x00000378       0x28 src/ASF/xmega/drivers/nvm/nvm_asm.o
 .debug_aranges
                0x000003a0      0x120 src/ASF/xmega/drivers/usb/usb_device.o

.debug_pubnames
 *(.debug_pubnames)

.debug_info     0x00000000     0xa48c
 *(.debug_info .gnu.linkonce.wi.*)
 .debug_info    0x00000000      0x290 src/tiny_dig.o
 .debug_info    0x00000290       0xff src/ASF/common/boards/user_board/init.o
 .debug_info    0x0000038f      0x995 src/main.o
 .debug_info    0x00000d24      0x9b6 src/tiny_adc.o
 .debug_info    0x000016da      0x5f0 src/tiny_dac.o
 .debug_info    0x00001cca     0x111b src/tiny_dma.o
 .debug_info    0x00002de5     0x17b4 src/tiny_timer.o
 .debug_info    0x00004599      0x4b2 src/tiny_uart.o
 .debug_info    0x00004a4b      0xc3d src/ASF/common/services/clock/xmega/sysclk.o
 .debug_info    0x00005688      0x121 src/ASF/common/services/sleepmgr/xmega/sleepmgr.o
 .debug_info    0x000057a9      0x638 src/ASF/common/services/usb/class/vendor/device/udi_vendor.o
 .debug_info    0x00005de1      0x5fc src/ASF/common/services/usb/class/vendor/device/udi_vendor_desc.o
 .debug_info    0x000063dd     0x214e src/ASF/common/services/usb/udc/udc.o
 .debug_info    0x0000852b       0x91 src/ASF/xmega/drivers/cpu/ccp.o
 .debug_info    0x000085bc       0x91 src/ASF/xmega/drivers/nvm/nvm_asm.o
 .debug_info    0x0000864d     0x1e3f src/ASF/xmega/drivers/usb/usb_device.o

.debug_abbrev   0x00000000     0x1b50
 *(.debug_abbrev)
 .debug_abbrev  0x00000000       0xcc src/tiny_dig.o
 .debug_abbrev  0x000000cc       0x8b src/ASF/common/boards/user_board/init.o
 .debug_abbrev  0x00000157      0x22c src/main.o
 .debug_abbrev  0x00000383      0x1d8 src/tiny_adc.o
 .debug_abbrev  0x0000055b      0x161 src/tiny_dac.o
 .debug_abbrev  0x000006bc      0x1da src/tiny_dma.o
 .debug_abbrev  0x00000896      0x175 src/tiny_timer.o
 .debug_abbrev  0x00000a0b      0x102 src/tiny_uart.o
 .debug_abbrev  0x00000b0d      0x2cd src/ASF/common/services/clock/xmega/sysclk.o
 .debug_abbrev  0x00000dda       0x80 src/ASF/common/services/sleepmgr/xmega/sleepmgr.o
 .debug_abbrev  0x00000e5a      0x1e3 src/ASF/common/services/usb/class/vendor/device/udi_vendor.o
 .debug_abbrev  0x0000103d       0xef src/ASF/common/services/usb/class/vendor/device/udi_vendor_desc.o
 .debug_abbrev  0x0000112c      0x42a src/ASF/common/services/usb/udc/udc.o
 .debug_abbrev  0x00001556       0x14 src/ASF/xmega/drivers/cpu/ccp.o
 .debug_abbrev  0x0000156a       0x12 src/ASF/xmega/drivers/nvm/nvm_asm.o
 .debug_abbrev  0x0000157c      0x5d4 src/ASF/xmega/drivers/usb/usb_device.o

.debug_line     0x00000000     0x8aa4
 *(.debug_line .debug_line.* .debug_line_end)
 .debug_line    0x00000000      0x7b8 src/tiny_dig.o
 .debug_line    0x000007b8      0x78d src/ASF/common/boards/user_board/init.o
 .debug_line    0x00000f45      0x9b4 src/main.o
 .debug_line    0x000018f9      0x942 src/tiny_adc.o
 .debug_line    0x0000223b      0x806 src/tiny_dac.o
 .debug_line    0x00002a41     0x13a1 src/tiny_dma.o
 .debug_line    0x00003de2      0x8bb src/tiny_timer.o
 .debug_line    0x0000469d      0x839 src/tiny_uart.o
 .debug_line    0x00004ed6      0x738 src/ASF/common/services/clock/xmega/sysclk.o
 .debug_line    0x0000560e      0x455 src/ASF/common/services/sleepmgr/xmega/sleepmgr.o
 .debug_line    0x00005a63      0x625 src/ASF/common/services/usb/class/vendor/device/udi_vendor.o
 .debug_line    0x00006088      0x4f1 src/ASF/common/services/usb/class/vendor/device/udi_vendor_desc.o
 .debug_line    0x00006579      0xea8 src/ASF/common/services/usb/udc/udc.o
 .debug_line    0x00007421       0x6e src/ASF/xmega/drivers/cpu/ccp.o
 .debug_line    0x0000748f      0x11f src/ASF/xmega/drivers/nvm/nvm_asm.o
 .debug_line    0x000075ae     0x14f6 src/ASF/xmega/drivers/usb/usb_device.o

.debug_frame    0x00000000      0xaac
 *(.debug_frame)
 .debug_frame   0x00000000       0x24 src/tiny_dig.o
 .debug_frame   0x00000024       0x24 src/ASF/common/boards/user_board/init.o
 .debug_frame   0x00000048       0xc4 src/main.o
 .debug_frame   0x0000010c       0x70 src/tiny_adc.o
 .debug_frame   0x0000017c       0x30 src/tiny_dac.o
 .debug_frame   0x000001ac      0x208 src/tiny_dma.o
 .debug_frame   0x000003b4       0x78 src/tiny_timer.o
 .debug_frame   0x0000042c       0x50 src/tiny_uart.o
 .debug_frame   0x0000047c       0x80 src/ASF/common/services/clock/xmega/sysclk.o
 .debug_frame   0x000004fc       0xc4 src/ASF/common/services/usb/class/vendor/device/udi_vendor.o
 .debug_frame   0x000005c0      0x114 src/ASF/common/services/usb/udc/udc.o
 .debug_frame   0x000006d4      0x3d8 src/ASF/xmega/drivers/usb/usb_device.o

.debug_str      0x00000000    0x2f65a
 *(.debug_str)
 .debug_str     0x00000000    0x27641 src/tiny_dig.o
                              0x27cb4 (size before relaxing)
 .debug_str     0x00027641       0x36 src/ASF/common/boards/user_board/init.o
                              0x27adb (size before relaxing)
 .debug_str     0x00027677      0x9c6 src/main.o
                              0x28621 (size before relaxing)
 .debug_str     0x0002803d      0xd0f src/tiny_adc.o
                              0x28e8b (size before relaxing)
 .debug_str     0x00028d4c      0x1a6 src/tiny_dac.o
                              0x282d8 (size before relaxing)
 .debug_str     0x00028ef2      0xcdd src/tiny_dma.o
                              0x291b4 (size before relaxing)
 .debug_str     0x00029bcf     0x1166 src/tiny_timer.o
                              0x29582 (size before relaxing)
 .debug_str     0x0002ad35      0x19d src/tiny_uart.o
                              0x283bb (size before relaxing)
 .debug_str     0x0002aed2      0x41c src/ASF/common/services/clock/xmega/sysclk.o
                              0x2598f (size before relaxing)
 .debug_str     0x0002b2ee       0x96 src/ASF/common/services/sleepmgr/xmega/sleepmgr.o
                              0x24246 (size before relaxing)
 .debug_str     0x0002b384      0x19f src/ASF/common/services/usb/class/vendor/device/udi_vendor.o
                              0x26737 (size before relaxing)
 .debug_str     0x0002b523      0x3f6 src/ASF/common/services/usb/class/vendor/device/udi_vendor_desc.o
                              0x2673a (size before relaxing)
 .debug_str     0x0002b919      0x7e5 src/ASF/common/services/usb/udc/udc.o
                              0x29209 (size before relaxing)
 .debug_str     0x0002c0fe     0x355c src/ASF/xmega/drivers/usb/usb_device.o
                              0x2b819 (size before relaxing)

.debug_loc      0x00000000     0x2345
 *(.debug_loc)
 .debug_loc     0x00000000      0x138 src/main.o
 .debug_loc     0x00000138      0x15d src/tiny_adc.o
 .debug_loc     0x00000295       0x2f src/tiny_dac.o
 .debug_loc     0x000002c4      0x233 src/tiny_dma.o
 .debug_loc     0x000004f7      0x11c src/tiny_timer.o
 .debug_loc     0x00000613       0x2f src/tiny_uart.o
 .debug_loc     0x00000642      0x320 src/ASF/common/services/clock/xmega/sysclk.o
 .debug_loc     0x00000962      0x344 src/ASF/common/services/usb/class/vendor/device/udi_vendor.o
 .debug_loc     0x00000ca6      0x4d3 src/ASF/common/services/usb/udc/udc.o
 .debug_loc     0x00001179     0x11cc src/ASF/xmega/drivers/usb/usb_device.o

.debug_macinfo
 *(.debug_macinfo)

.debug_weaknames
 *(.debug_weaknames)

.debug_funcnames
 *(.debug_funcnames)

.debug_typenames
 *(.debug_typenames)

.debug_varnames
 *(.debug_varnames)

.debug_pubtypes
 *(.debug_pubtypes)

.debug_ranges   0x00000000      0x3f0
 *(.debug_ranges)
 .debug_ranges  0x00000000       0x10 src/tiny_dig.o
 .debug_ranges  0x00000010       0x10 src/ASF/common/boards/user_board/init.o
 .debug_ranges  0x00000020       0x60 src/main.o
 .debug_ranges  0x00000080       0x30 src/tiny_adc.o
 .debug_ranges  0x000000b0       0x10 src/tiny_dac.o
 .debug_ranges  0x000000c0       0xa8 src/tiny_dma.o
 .debug_ranges  0x00000168       0x18 src/tiny_timer.o
 .debug_ranges  0x00000180       0x20 src/tiny_uart.o
 .debug_ranges  0x000001a0       0x30 src/ASF/common/services/clock/xmega/sysclk.o
 .debug_ranges  0x000001d0       0x48 src/ASF/common/services/usb/class/vendor/device/udi_vendor.o
 .debug_ranges  0x00000218       0x78 src/ASF/common/services/usb/udc/udc.o
 .debug_ranges  0x00000290       0x20 src/ASF/xmega/drivers/nvm/nvm_asm.o
 .debug_ranges  0x000002b0      0x140 src/ASF/xmega/drivers/usb/usb_device.o

.debug_macro    0x00000000     0xb8df
 *(.debug_macro)
 .debug_macro   0x00000000      0x311 src/tiny_dig.o
 .debug_macro   0x00000311      0xa5a src/tiny_dig.o
 .debug_macro   0x00000d6b       0x10 src/tiny_dig.o
 .debug_macro   0x00000d7b      0x1c9 src/tiny_dig.o
 .debug_macro   0x00000f44      0x2fc src/tiny_dig.o
 .debug_macro   0x00001240       0x9e src/tiny_dig.o
 .debug_macro   0x000012de     0x5623 src/tiny_dig.o
 .debug_macro   0x00006901       0x9a src/tiny_dig.o
 .debug_macro   0x0000699b       0xf1 src/tiny_dig.o
 .debug_macro   0x00006a8c       0x34 src/tiny_dig.o
 .debug_macro   0x00006ac0       0x10 src/tiny_dig.o
 .debug_macro   0x00006ad0       0x18 src/tiny_dig.o
 .debug_macro   0x00006ae8       0x5e src/tiny_dig.o
 .debug_macro   0x00006b46       0x10 src/tiny_dig.o
 .debug_macro   0x00006b56       0x22 src/tiny_dig.o
 .debug_macro   0x00006b78      0x166 src/tiny_dig.o
 .debug_macro   0x00006cde       0x1c src/tiny_dig.o
 .debug_macro   0x00006cfa       0x35 src/tiny_dig.o
 .debug_macro   0x00006d2f       0x66 src/tiny_dig.o
 .debug_macro   0x00006d95      0x4d1 src/tiny_dig.o
 .debug_macro   0x00007266       0x97 src/tiny_dig.o
 .debug_macro   0x000072fd       0x17 src/tiny_dig.o
 .debug_macro   0x00007314      0x250 src/tiny_dig.o
 .debug_macro   0x00007564       0x76 src/tiny_dig.o
 .debug_macro   0x000075da       0x16 src/tiny_dig.o
 .debug_macro   0x000075f0      0x6e3 src/tiny_dig.o
 .debug_macro   0x00007cd3       0x10 src/tiny_dig.o
 .debug_macro   0x00007ce3      0x175 src/tiny_dig.o
 .debug_macro   0x00007e58       0x40 src/tiny_dig.o
 .debug_macro   0x00007e98       0x69 src/tiny_dig.o
 .debug_macro   0x00007f01       0x32 src/tiny_dig.o
 .debug_macro   0x00007f33       0xe4 src/tiny_dig.o
 .debug_macro   0x00008017       0x34 src/tiny_dig.o
 .debug_macro   0x0000804b      0x256 src/tiny_dig.o
 .debug_macro   0x000082a1       0x7c src/tiny_dig.o
 .debug_macro   0x0000831d       0x26 src/tiny_dig.o
 .debug_macro   0x00008343       0x42 src/tiny_dig.o
 .debug_macro   0x00008385       0x10 src/tiny_dig.o
 .debug_macro   0x00008395       0x2e src/tiny_dig.o
 .debug_macro   0x000083c3       0x68 src/tiny_dig.o
 .debug_macro   0x0000842b       0x2f src/tiny_dig.o
 .debug_macro   0x0000845a      0x154 src/tiny_dig.o
 .debug_macro   0x000085ae       0x9a src/tiny_dig.o
 .debug_macro   0x00008648       0x4c src/tiny_dig.o
 .debug_macro   0x00008694      0x244 src/tiny_dig.o
 .debug_macro   0x000088d8      0x17e src/tiny_dig.o
 .debug_macro   0x00008a56       0x1c src/tiny_dig.o
 .debug_macro   0x00008a72       0x16 src/tiny_dig.o
 .debug_macro   0x00008a88       0x1c src/tiny_dig.o
 .debug_macro   0x00008aa4       0x7b src/tiny_dig.o
 .debug_macro   0x00008b1f       0x58 src/tiny_dig.o
 .debug_macro   0x00008b77      0x2fe src/ASF/common/boards/user_board/init.o
 .debug_macro   0x00008e75      0x368 src/main.o
 .debug_macro   0x000091dd       0x58 src/main.o
 .debug_macro   0x00009235       0x10 src/main.o
 .debug_macro   0x00009245       0x97 src/main.o
 .debug_macro   0x000092dc       0xf2 src/main.o
 .debug_macro   0x000093ce       0xaa src/main.o
 .debug_macro   0x00009478       0xef src/main.o
 .debug_macro   0x00009567      0x34e src/tiny_adc.o
 .debug_macro   0x000098b5       0x16 src/tiny_adc.o
 .debug_macro   0x000098cb      0x33c src/tiny_dac.o
 .debug_macro   0x00009c07      0x346 src/tiny_dma.o
 .debug_macro   0x00009f4d      0x343 src/tiny_timer.o
 .debug_macro   0x0000a290      0x337 src/tiny_uart.o
 .debug_macro   0x0000a5c7      0x1e6 src/ASF/common/services/clock/xmega/sysclk.o
 .debug_macro   0x0000a7ad      0x1a3 src/ASF/common/services/sleepmgr/xmega/sleepmgr.o
 .debug_macro   0x0000a950      0x22c src/ASF/common/services/usb/class/vendor/device/udi_vendor.o
 .debug_macro   0x0000ab7c       0x94 src/ASF/common/services/usb/class/vendor/device/udi_vendor.o
 .debug_macro   0x0000ac10      0x20c src/ASF/common/services/usb/class/vendor/device/udi_vendor_desc.o
 .debug_macro   0x0000ae1c      0x362 src/ASF/common/services/usb/udc/udc.o
 .debug_macro   0x0000b17e      0x2f7 src/ASF/xmega/drivers/usb/usb_device.o
 .debug_macro   0x0000b475      0x46a src/ASF/xmega/drivers/usb/usb_device.o
OUTPUT(USB_BULK_TEST.elf elf32-avr)
LOAD linker stubs
