Archive member included to satisfy reference by file (symbol)

c:/program files (x86)/atmel/studio/7.0/toolchain/avr8/avr8-gnu-toolchain/bin/../lib/gcc/avr/4.9.2/avrxmega2\libgcc.a(_udivmodhi4.o)
                              src/tiny_calibration.o (__udivmodhi4)
c:/program files (x86)/atmel/studio/7.0/toolchain/avr8/avr8-gnu-toolchain/bin/../lib/gcc/avr/4.9.2/avrxmega2\libgcc.a(_divmodhi4.o)
                              src/tiny_calibration.o (__divmodhi4)
c:/program files (x86)/atmel/studio/7.0/toolchain/avr8/avr8-gnu-toolchain/bin/../lib/gcc/avr/4.9.2/avrxmega2\libgcc.a(_exit.o)
                              C:/Program Files (x86)/Atmel/Studio/7.0/Packs/atmel/XMEGAA_DFP/1.0.39/gcc/dev/atxmega32a4u/avrxmega2/crtatxmega32a4u.o (exit)
c:/program files (x86)/atmel/studio/7.0/toolchain/avr8/avr8-gnu-toolchain/bin/../lib/gcc/avr/4.9.2/avrxmega2\libgcc.a(_tablejump2.o)
                              src/main.o (__tablejump2__)
c:/program files (x86)/atmel/studio/7.0/toolchain/avr8/avr8-gnu-toolchain/bin/../lib/gcc/avr/4.9.2/avrxmega2\libgcc.a(_copy_data.o)
                              src/tiny_calibration.o (__do_copy_data)
c:/program files (x86)/atmel/studio/7.0/toolchain/avr8/avr8-gnu-toolchain/bin/../lib/gcc/avr/4.9.2/avrxmega2\libgcc.a(_clear_bss.o)
                              src/tiny_calibration.o (__do_clear_bss)
c:/program files (x86)/atmel/studio/7.0/toolchain/avr8/avr8-gnu-toolchain/bin/../lib/gcc/avr/4.9.2/../../../../avr/lib/avrxmega2\libc.a(memcpy.o)
                              src/ASF/xmega/drivers/nvm/nvm.o (memcpy)

Allocating common symbols
Common symbol       size              file

debug_counter       0x4               src/main.o
calChange           0x2               src/tiny_calibration.o
cali_value_positive_gradient
                    0x1               src/tiny_calibration.o
dma_ch1_ran         0x2               src/main.o
dma_ch0_ran         0x2               src/main.o
uds                 0x1b              src/main.o
dacBuf_CH1          0x200             src/main.o
udd_g_ctrlreq       0x10              src/main.o
sleepmgr_locks      0x6               src/ASF/common/services/sleepmgr/xmega/sleepmgr.o
calTemp             0x2               src/tiny_calibration.o
futureMode          0x1               src/main.o
dacBuf_CH2          0x200             src/main.o
eeprom_buffer_write
                    0x20              src/main.o
isoBuf              0x5dc             src/main.o
eeprom_buffer_read  0x20              src/main.o
cali_value_negative_gradient
                    0x1               src/tiny_calibration.o
currentTrfcnt       0x2               src/main.o
gradient            0x2               src/tiny_calibration.o

Discarded input sections

 .data          0x00000000        0x0 C:/Program Files (x86)/Atmel/Studio/7.0/Packs/atmel/XMEGAA_DFP/1.0.39/gcc/dev/atxmega32a4u/avrxmega2/crtatxmega32a4u.o
 .bss           0x00000000        0x0 C:/Program Files (x86)/Atmel/Studio/7.0/Packs/atmel/XMEGAA_DFP/1.0.39/gcc/dev/atxmega32a4u/avrxmega2/crtatxmega32a4u.o
 .group         0x00000000        0x8 src/tiny_calibration.o
 .group         0x00000000        0x8 src/tiny_calibration.o
 .group         0x00000000        0x8 src/tiny_calibration.o
 .group         0x00000000        0x8 src/tiny_calibration.o
 .group         0x00000000        0x8 src/tiny_calibration.o
 .group         0x00000000        0x8 src/tiny_calibration.o
 .group         0x00000000        0x8 src/tiny_calibration.o
 .group         0x00000000        0x8 src/tiny_calibration.o
 .group         0x00000000        0x8 src/tiny_calibration.o
 .group         0x00000000        0x8 src/tiny_calibration.o
 .group         0x00000000        0x8 src/tiny_calibration.o
 .group         0x00000000        0x8 src/tiny_calibration.o
 .group         0x00000000        0x8 src/tiny_calibration.o
 .group         0x00000000        0x8 src/tiny_calibration.o
 .group         0x00000000        0x8 src/tiny_calibration.o
 .group         0x00000000        0x8 src/tiny_calibration.o
 .group         0x00000000        0x8 src/tiny_calibration.o
 .group         0x00000000        0x8 src/tiny_calibration.o
 .group         0x00000000        0x8 src/tiny_calibration.o
 .group         0x00000000        0x8 src/tiny_calibration.o
 .group         0x00000000        0x8 src/tiny_calibration.o
 .group         0x00000000        0x8 src/tiny_calibration.o
 .group         0x00000000        0x8 src/tiny_calibration.o
 .group         0x00000000        0x8 src/tiny_calibration.o
 .group         0x00000000        0x8 src/tiny_calibration.o
 .group         0x00000000        0x8 src/tiny_calibration.o
 .group         0x00000000        0x8 src/tiny_calibration.o
 .group         0x00000000        0x8 src/tiny_calibration.o
 .group         0x00000000        0x8 src/tiny_calibration.o
 .group         0x00000000        0x8 src/tiny_calibration.o
 .group         0x00000000        0x8 src/tiny_calibration.o
 .group         0x00000000        0x8 src/tiny_calibration.o
[...]
Memory Configuration

Name             Origin             Length             Attributes
text             0x00000000         0x00100000         xr
data             0x00802000         0x0000ffa0         rw !x
eeprom           0x00810000         0x00010000         rw !x
fuse             0x00820000         0x00000400         rw !x
lock             0x00830000         0x00000400         rw !x
signature        0x00840000         0x00000400         rw !x
user_signatures  0x00850000         0x00000400         rw !x
*default*        0x00000000         0xffffffff

Linker script and memory map

LOAD C:/Program Files (x86)/Atmel/Studio/7.0/Packs/atmel/XMEGAA_DFP/1.0.39/gcc/dev/atxmega32a4u/avrxmega2/crtatxmega32a4u.o
LOAD src/tiny_calibration.o
LOAD src/tiny_dig.o
LOAD src/tiny_eeprom.o
LOAD src/ASF/common/boards/user_board/init.o
LOAD src/ASF/common/services/ioport/xmega/ioport_compat.o
LOAD src/main.o
LOAD src/tiny_adc.o
LOAD src/tiny_dac.o
LOAD src/tiny_dma.o
LOAD src/tiny_timer.o
LOAD src/tiny_uart.o
LOAD src/ASF/common/services/usb/class/vendor/device/example/atxmega256a3bu_xmega_a3bu_xplained/ui.o
LOAD src/ASF/common/services/clock/xmega/sysclk.o
LOAD src/ASF/common/services/sleepmgr/xmega/sleepmgr.o
LOAD src/ASF/common/services/usb/class/vendor/device/udi_vendor.o
LOAD src/ASF/common/services/usb/class/vendor/device/udi_vendor_desc.o
LOAD src/ASF/common/services/usb/udc/udc.o
LOAD src/ASF/xmega/drivers/cpu/ccp.o
LOAD src/ASF/xmega/drivers/nvm/nvm.o
LOAD src/ASF/xmega/drivers/nvm/nvm_asm.o
LOAD src/ASF/xmega/drivers/usb/usb_device.o
START GROUP
LOAD c:/program files (x86)/atmel/studio/7.0/toolchain/avr8/avr8-gnu-toolchain/bin/../lib/gcc/avr/4.9.2/../../../../avr/lib/avrxmega2\libm.a
END GROUP
START GROUP
LOAD c:/program files (x86)/atmel/studio/7.0/toolchain/avr8/avr8-gnu-toolchain/bin/../lib/gcc/avr/4.9.2/avrxmega2\libgcc.a
LOAD c:/program files (x86)/atmel/studio/7.0/toolchain/avr8/avr8-gnu-toolchain/bin/../lib/gcc/avr/4.9.2/../../../../avr/lib/avrxmega2\libm.a
LOAD c:/program files (x86)/atmel/studio/7.0/toolchain/avr8/avr8-gnu-toolchain/bin/../lib/gcc/avr/4.9.2/../../../../avr/lib/avrxmega2\libc.a
LOAD C:/Program Files (x86)/Atmel/Studio/7.0/Packs/atmel/XMEGAA_DFP/1.0.39/gcc/dev/atxmega32a4u/avrxmega2\libatxmega32a4u.a
END GROUP
                0x00100000                __TEXT_REGION_LENGTH__ = DEFINED (__TEXT_REGION_LENGTH__)?__TEXT_REGION_LENGTH__:0x100000
                0x0000ffa0                __DATA_REGION_LENGTH__ = DEFINED (__DATA_REGION_LENGTH__)?__DATA_REGION_LENGTH__:0xffa0
                0x00010000                __EEPROM_REGION_LENGTH__ = DEFINED (__EEPROM_REGION_LENGTH__)?__EEPROM_REGION_LENGTH__:0x10000
                0x00000400                __FUSE_REGION_LENGTH__ = DEFINED (__FUSE_REGION_LENGTH__)?__FUSE_REGION_LENGTH__:0x400
                0x00000400                __LOCK_REGION_LENGTH__ = DEFINED (__LOCK_REGION_LENGTH__)?__LOCK_REGION_LENGTH__:0x400
                0x00000400                __SIGNATURE_REGION_LENGTH__ = DEFINED (__SIGNATURE_REGION_LENGTH__)?__SIGNATURE_REGION_LENGTH__:0x400
                0x00000400                __USER_SIGNATURE_REGION_LENGTH__ = DEFINED (__USER_SIGNATURE_REGION_LENGTH__)?__USER_SIGNATURE_REGION_LENGTH__:0x400

.hash
 *(.hash)

.dynsym
 *(.dynsym)

.dynstr
 *(.dynstr)

.gnu.version
 *(.gnu.version)

.gnu.version_d
 *(.gnu.version_d)

.gnu.version_r
 *(.gnu.version_r)

.rel.init
 *(.rel.init)

.rela.init
 *(.rela.init)

.rel.text
 *(.rel.text)
 *(.rel.text.*)
 *(.rel.gnu.linkonce.t*)

.rela.text
 *(.rela.text)
 *(.rela.text.*)
 *(.rela.gnu.linkonce.t*)

.rel.fini
 *(.rel.fini)

.rela.fini
 *(.rela.fini)

.rel.rodata
 *(.rel.rodata)
 *(.rel.rodata.*)
 *(.rel.gnu.linkonce.r*)

.rela.rodata
 *(.rela.rodata)
 *(.rela.rodata.*)
 *(.rela.gnu.linkonce.r*)

.rel.data
 *(.rel.data)
 *(.rel.data.*)
 *(.rel.gnu.linkonce.d*)

.rela.data
 *(.rela.data)
 *(.rela.data.*)
 *(.rela.gnu.linkonce.d*)

.rel.ctors
 *(.rel.ctors)

.rela.ctors
 *(.rela.ctors)

.rel.dtors
 *(.rel.dtors)

.rela.dtors
 *(.rela.dtors)

.rel.got
 *(.rel.got)

.rela.got
 *(.rela.got)

.rel.bss
 *(.rel.bss)

.rela.bss
 *(.rela.bss)

.rel.plt
 *(.rel.plt)

.rela.plt
 *(.rela.plt)

.text           0x00000000     0x2f9a
 *(.vectors)
 .vectors       0x00000000      0x1fc C:/Program Files (x86)/Atmel/Studio/7.0/Packs/atmel/XMEGAA_DFP/1.0.39/gcc/dev/atxmega32a4u/avrxmega2/crtatxmega32a4u.o
                0x00000000                __vector_default
                0x00000000                __vectors
 *(.vectors)
 *(.progmem.gcc*)
 .progmem.gcc_sw_table.main
                0x000001fc       0x10 src/main.o
 .progmem.gcc_sw_table.main_sof_action
                0x0000020c       0x10 src/main.o
 .progmem.gcc_sw_table.udc_process_setup
                0x0000021c       0x22 src/ASF/common/services/usb/udc/udc.o
 .progmem.gcc_sw_table.udd_ep_get_size
                0x0000023e        0xe src/ASF/xmega/drivers/usb/usb_device.o
                0x0000024c                . = ALIGN (0x2)
                0x0000024c                __trampolines_start = .
 *(.trampolines)
 .trampolines   0x0000024c        0x0 linker stubs
 *(.trampolines*)
                0x0000024c                __trampolines_end = .
 *libprintf_flt.a:*(.progmem.data)
 *libc.a:*(.progmem.data)
 *(.progmem*)
                0x0000024c                . = ALIGN (0x2)
 *(.jumptables)
 *(.jumptables*)
 *(.lowtext)
 *(.lowtext*)
                0x0000024c                __ctors_start = .
 *(.ctors)
                0x0000024c                __ctors_end = .
                0x0000024c                __dtors_start = .
 *(.dtors)
                0x0000024c                __dtors_end = .
 SORT(*)(.ctors)
 SORT(*)(.dtors)
 *(.init0)
 .init0         0x0000024c        0x0 C:/Program Files (x86)/Atmel/Studio/7.0/Packs/atmel/XMEGAA_DFP/1.0.39/gcc/dev/atxmega32a4u/avrxmega2/crtatxmega32a4u.o
                0x0000024c                __init
 *(.init0)
 *(.init1)
 *(.init1)
 *(.init2)
 .init2         0x0000024c        0xc C:/Program Files (x86)/Atmel/Studio/7.0/Packs/atmel/XMEGAA_DFP/1.0.39/gcc/dev/atxmega32a4u/avrxmega2/crtatxmega32a4u.o
 *(.init2)
 *(.init3)
 *(.init3)
 *(.init4)
 .init4         0x00000258       0x16 c:/program files (x86)/atmel/studio/7.0/toolchain/avr8/avr8-gnu-toolchain/bin/../lib/gcc/avr/4.9.2/avrxmega2\libgcc.a(_copy_data.o)
                0x00000258                __do_copy_data
 .init4         0x0000026e       0x10 c:/program files (x86)/atmel/studio/7.0/toolchain/avr8/avr8-gnu-toolchain/bin/../lib/gcc/avr/4.9.2/avrxmega2\libgcc.a(_clear_bss.o)
                0x0000026e                __do_clear_bss
 *(.init4)
 *(.init5)
 *(.init5)
 *(.init6)
 *(.init6)
 *(.init7)
 *(.init7)
 *(.init8)
 *(.init8)
 *(.init9)
 .init9         0x0000027e        0x6 C:/Program Files (x86)/Atmel/Studio/7.0/Packs/atmel/XMEGAA_DFP/1.0.39/gcc/dev/atxmega32a4u/avrxmega2/crtatxmega32a4u.o
 *(.init9)
 *(.text)
 .text          0x00000284        0x2 C:/Program Files (x86)/Atmel/Studio/7.0/Packs/atmel/XMEGAA_DFP/1.0.39/gcc/dev/atxmega32a4u/avrxmega2/crtatxmega32a4u.o
                0x00000284                __vector_38
                0x00000284                __vector_104
                0x00000284                __vector_22
                0x00000284                __vector_63
                0x00000284                __vector_28
                0x00000284                __vector_67
                0x00000284                __vector_1
                0x00000284                __vector_119
                0x00000284                __vector_32
                0x00000284                __vector_75
                0x00000284                __vector_91
                0x00000284                __vector_34
                0x00000284                __vector_62
                0x00000284                __vector_77
                0x00000284                __vector_102
                0x00000284                __vector_12
                0x00000284                __vector_55
                0x00000284                __vector_69
                0x00000284                __vector_81
                0x00000284                __vector_90
                0x00000284                __vector_46
                0x00000284                __bad_interrupt
                0x00000284                __vector_122
                0x00000284                __vector_72
                0x00000284                __vector_114
                0x00000284                __vector_110
                0x00000284                __vector_31
                0x00000284                __vector_92
                0x00000284                __vector_35
                0x00000284                __vector_78
                0x00000284                __vector_74
                0x00000284                __vector_117
                0x00000284                __vector_39
                0x00000284                __vector_107
                0x00000284                __vector_3
                0x00000284                __vector_105
                0x00000284                __vector_98
                0x00000284                __vector_23
                0x00000284                __vector_68
                0x00000284                __vector_30
                0x00000284                __vector_73
                0x00000284                __vector_45
                0x00000284                __vector_93
                0x00000284                __vector_61
                0x00000284                __vector_11
                0x00000284                __vector_54
                0x00000284                __vector_99
                0x00000284                __vector_13
                0x00000284                __vector_17
                0x00000284                __vector_19
                0x00000284                __vector_56
                0x00000284                __vector_49
                0x00000284                __vector_123
                0x00000284                __vector_41
                0x00000284                __vector_86
                0x00000284                __vector_100
                0x00000284                __vector_101
                0x00000284                __vector_64
                0x00000284                __vector_88
                0x00000284                __vector_109
                0x00000284                __vector_43
                0x00000284                __vector_27
                0x00000284                __vector_5
                0x00000284                __vector_113
                0x00000284                __vector_33
                0x00000284                __vector_76
                0x00000284                __vector_115
                0x00000284                __vector_47
                0x00000284                __vector_52
                0x00000284                __vector_37
                0x00000284                __vector_95
                0x00000284                __vector_103
                0x00000284                __vector_96
                0x00000284                __vector_89
                0x00000284                __vector_108
                0x00000284                __vector_4
                0x00000284                __vector_44
                0x00000284                __vector_82
                0x00000284                __vector_106
                0x00000284                __vector_118
                0x00000284                __vector_51
                0x00000284                __vector_9
                0x00000284                __vector_2
                0x00000284                __vector_21
                0x00000284                __vector_15
                0x00000284                __vector_66
                0x00000284                __vector_36
                0x00000284                __vector_79
                0x00000284                __vector_58
                0x00000284                __vector_70
                0x00000284                __vector_29
                0x00000284                __vector_60
                0x00000284                __vector_121
                0x00000284                __vector_40
                0x00000284                __vector_85
                0x00000284                __vector_94
                0x00000284                __vector_8
                0x00000284                __vector_26
                0x00000284                __vector_48
                0x00000284                __vector_124
                0x00000284                __vector_116
                0x00000284                __vector_112
                0x00000284                __vector_111
                0x00000284                __vector_80
                0x00000284                __vector_14
                0x00000284                __vector_84
                0x00000284                __vector_57
                0x00000284                __vector_53
                0x00000284                __vector_10
                0x00000284                __vector_50
                0x00000284                __vector_16
                0x00000284                __vector_59
                0x00000284                __vector_18
                0x00000284                __vector_97
                0x00000284                __vector_20
                0x00000284                __vector_42
                0x00000284                __vector_87
                0x00000284                __vector_65
                0x00000284                __vector_120
                0x00000286                . = ALIGN (0x2)
 *(.text.*)
 .text.tiny_calibration_init
                0x00000286       0x6c src/tiny_calibration.o
                0x00000286                tiny_calibration_init
 .text.tiny_calibration_first_sof
                0x000002f2       0x24 src/tiny_calibration.o
                0x000002f2                tiny_calibration_first_sof
 .text.tiny_calibration_maintain
                0x00000316       0xe0 src/tiny_calibration.o
                0x00000316                tiny_calibration_maintain
 .text.tiny_calibration_safe_add
                0x000003f6       0xd4 src/tiny_calibration.o
                0x000003f6                tiny_calibration_safe_add
 .text.tiny_calibration_find_values
                0x000004ca      0x124 src/tiny_calibration.o
                0x000004ca                tiny_calibration_find_values
 .text.magnitude_difference
                0x000005ee       0x2e src/tiny_calibration.o
                0x000005ee                magnitude_difference
 .text.tiny_calibration_layer2
                0x0000061c       0xcc src/tiny_calibration.o
                0x0000061c                tiny_calibration_layer2
 .text.tiny_calibration_synchronise_phase
                0x000006e8       0x24 src/tiny_calibration.o
                0x000006e8                tiny_calibration_synchronise_phase
 .text.tiny_dig_setup
                0x0000070c        0xe src/tiny_dig.o
                0x0000070c                tiny_dig_setup
 .text.eeprom_safe_read
                0x0000071a       0x2a src/tiny_eeprom.o
                0x0000071a                eeprom_safe_read
 .text.eeprom_safe_write
                0x00000744       0x28 src/tiny_eeprom.o
                0x00000744                eeprom_safe_write
 .text.board_init
                0x0000076c        0x2 src/ASF/common/boards/user_board/init.o
                0x0000076c                board_init
 .text.iso_callback
                0x0000076e       0x30 src/main.o
                0x0000076e                iso_callback
 .text.jump_to_bootloader
                0x0000079e        0xa src/main.o
                0x0000079e                jump_to_bootloader
 .text.main     0x000007a8       0xbe src/main.o
                0x000007a8                main
 .text.main_suspend_action
                0x00000866        0x2 src/main.o
                0x00000866                main_suspend_action
 .text.main_resume_action
                0x00000868        0x2 src/main.o
                0x00000868                main_resume_action
 .text.main_sof_action
                0x0000086a       0xf6 src/main.o
                0x0000086a                main_sof_action
 .text.main_vendor_enable
                0x00000960       0x2a src/main.o
                0x00000960                main_vendor_enable
 .text.main_vendor_disable
                0x0000098a        0x6 src/main.o
                0x0000098a                main_vendor_disable
 .text.main_setup_out_received
                0x00000990        0x4 src/main.o
                0x00000990                main_setup_out_received
 .text.main_setup_in_received
                0x00000994        0x4 src/main.o
                0x00000994                main_setup_in_received
 .text.tiny_adc_ch0setup
                0x00000998       0x1e src/tiny_adc.o
                0x00000998                tiny_adc_ch0setup
 .text.tiny_adc_ch1setup
                0x000009b6       0x14 src/tiny_adc.o
                0x000009b6                tiny_adc_ch1setup
 .text.tiny_adc_pid_setup
                0x000009ca       0x14 src/tiny_adc.o
                0x000009ca                tiny_adc_pid_setup
 .text.ReadCalibrationByte
                0x000009de       0x12 src/tiny_adc.o
                0x000009de                ReadCalibrationByte
 .text.tiny_adc_setup
                0x000009f0       0x7a src/tiny_adc.o
                0x000009f0                tiny_adc_setup
 .text.__vector_71
                0x00000a6a       0x26 src/tiny_adc.o
                0x00000a6a                __vector_71
 .text.tiny_dac_setup
                0x00000a90       0x48 src/tiny_dac.o
                0x00000a90                tiny_dac_setup
 .text.tiny_dma_setup
                0x00000ad8       0x12 src/tiny_dma.o
                0x00000ad8                tiny_dma_setup
 .text.tiny_dma_flush
                0x00000aea       0x3a src/tiny_dma.o
                0x00000aea                tiny_dma_flush
 .text.tiny_dma_delayed_set
                0x00000b24        0xc src/tiny_dma.o
                0x00000b24                tiny_dma_delayed_set
 .text.tiny_dma_set_mode_0
                0x00000b30       0xe6 src/tiny_dma.o
                0x00000b30                tiny_dma_set_mode_0
 .text.tiny_dma_loop_mode_0
                0x00000c16        0x2 src/tiny_dma.o
                0x00000c16                tiny_dma_loop_mode_0
 .text.tiny_dma_set_mode_1
                0x00000c18      0x112 src/tiny_dma.o
                0x00000c18                tiny_dma_set_mode_1
 .text.tiny_dma_loop_mode_1
                0x00000d2a        0x2 src/tiny_dma.o
                0x00000d2a                tiny_dma_loop_mode_1
 .text.tiny_dma_set_mode_2
                0x00000d2c      0x10c src/tiny_dma.o
                0x00000d2c                tiny_dma_set_mode_2
 .text.tiny_dma_loop_mode_2
                0x00000e38        0x2 src/tiny_dma.o
                0x00000e38                tiny_dma_loop_mode_2
 .text.tiny_dma_set_mode_3
                0x00000e3a      0x11c src/tiny_dma.o
                0x00000e3a                tiny_dma_set_mode_3
 .text.tiny_dma_loop_mode_3
                0x00000f56        0x2 src/tiny_dma.o
                0x00000f56                tiny_dma_loop_mode_3
 .text.tiny_dma_set_mode_4
                0x00000f58      0x110 src/tiny_dma.o
                0x00000f58                tiny_dma_set_mode_4
 .text.tiny_dma_loop_mode_4
                0x00001068        0x2 src/tiny_dma.o
                0x00001068                tiny_dma_loop_mode_4
 .text.tiny_dma_set_mode_5
                0x0000106a        0x2 src/tiny_dma.o
                0x0000106a                tiny_dma_set_mode_5
 .text.tiny_dma_set_mode_6
                0x0000106c       0xe6 src/tiny_dma.o
                0x0000106c                tiny_dma_set_mode_6
 .text.tiny_dma_loop_mode_6
                0x00001152        0x2 src/tiny_dma.o
                0x00001152                tiny_dma_loop_mode_6
 .text.tiny_dma_set_mode_7
                0x00001154       0xe8 src/tiny_dma.o
                0x00001154                tiny_dma_set_mode_7
 .text.tiny_dma_loop_mode_7
                0x0000123c        0x2 src/tiny_dma.o
                0x0000123c                tiny_dma_loop_mode_7
 .text.__vector_6
                0x0000123e       0xae src/tiny_dma.o
                0x0000123e                __vector_6
 .text.__vector_7
                0x000012ec       0x54 src/tiny_dma.o
                0x000012ec                __vector_7
 .text.tiny_timer_setup
                0x00001340       0x84 src/tiny_timer.o
                0x00001340                tiny_timer_setup
 .text.__vector_83
                0x000013c4       0xf4 src/tiny_timer.o
                0x000013c4                __vector_83
 .text.tiny_uart_setup
                0x000014b8       0x34 src/tiny_uart.o
                0x000014b8                tiny_uart_setup
 .text.tiny_spi_setup
                0x000014ec       0x1c src/tiny_uart.o
                0x000014ec                tiny_spi_setup
 .text.__vector_24
                0x00001508       0x16 src/tiny_uart.o
                0x00001508                __vector_24
 .text.__vector_25
                0x0000151e       0x28 src/tiny_uart.o
                0x0000151e                __vector_25
 .text.sysclk_enable_module
                0x00001546       0x18 src/ASF/common/services/clock/xmega/sysclk.o
                0x00001546                sysclk_enable_module
 .text.sysclk_enable_usb
                0x0000155e       0x6e src/ASF/common/services/clock/xmega/sysclk.o
                0x0000155e                sysclk_enable_usb
 .text.udi_vendor_getsetting
                0x000015cc        0x6 src/ASF/common/services/usb/class/vendor/device/udi_vendor.o
                0x000015cc                udi_vendor_getsetting
 .text.udi_vendor_enable
                0x000015d2       0x16 src/ASF/common/services/usb/class/vendor/device/udi_vendor.o
                0x000015d2                udi_vendor_enable
 .text.udi_vendor_disable
                0x000015e8        0xc src/ASF/common/services/usb/class/vendor/device/udi_vendor.o
                0x000015e8                udi_vendor_disable
 .text.udi_vendor_setup
                0x000015f4       0x4c src/ASF/common/services/usb/class/vendor/device/udi_vendor.o
                0x000015f4                udi_vendor_setup
 .text.udc_next_desc_in_iface
                0x00001640       0x64 src/ASF/common/services/usb/udc/udc.o
 .text.udc_valid_address
                0x000016a4        0xc src/ASF/common/services/usb/udc/udc.o
 .text.udc_update_iface_desc
                0x000016b0       0x74 src/ASF/common/services/usb/udc/udc.o
 .text.udc_iface_disable
                0x00001724       0x84 src/ASF/common/services/usb/udc/udc.o
 .text.udc_iface_enable
                0x000017a8       0x64 src/ASF/common/services/usb/udc/udc.o
 .text.udc_get_interface_desc
                0x0000180c        0xa src/ASF/common/services/usb/udc/udc.o
                0x0000180c                udc_get_interface_desc
 .text.udc_start
                0x00001816        0x4 src/ASF/common/services/usb/udc/udc.o
                0x00001816                udc_start
 .text.udc_reset
                0x0000181a       0x4a src/ASF/common/services/usb/udc/udc.o
                0x0000181a                udc_reset
 .text.udc_sof_notify
                0x00001864       0x60 src/ASF/common/services/usb/udc/udc.o
                0x00001864                udc_sof_notify
 .text.udc_process_setup
                0x000018c4      0x71e src/ASF/common/services/usb/udc/udc.o
                0x000018c4                udc_process_setup
 .text.ccp_write_io
                0x00001fe2        0xc src/ASF/xmega/drivers/cpu/ccp.o
                0x00001fe2                ccp_write_io
 .text.nvm_eeprom_read_buffer
                0x00001fee       0x30 src/ASF/xmega/drivers/nvm/nvm.o
                0x00001fee                nvm_eeprom_read_buffer
 .text.nvm_eeprom_load_byte_to_buffer
                0x0000201e       0x24 src/ASF/xmega/drivers/nvm/nvm.o
                0x0000201e                nvm_eeprom_load_byte_to_buffer
 .text.nvm_eeprom_load_page_to_buffer
                0x00002042       0x3e src/ASF/xmega/drivers/nvm/nvm.o
                0x00002042                nvm_eeprom_load_page_to_buffer
 .text.nvm_eeprom_atomic_write_page
                0x00002080       0x3a src/ASF/xmega/drivers/nvm/nvm.o
                0x00002080                nvm_eeprom_atomic_write_page
 .text.nvm_read_byte
                0x000020ba       0x14 src/ASF/xmega/drivers/nvm/nvm_asm.o
                0x000020ba                nvm_read_byte
 .text.udd_sleep_mode
                0x000020ce       0x52 src/ASF/xmega/drivers/usb/usb_device.o
 .text.udd_ctrl_init
                0x00002120       0x4e src/ASF/xmega/drivers/usb/usb_device.o
 .text.udd_ctrl_stall_data
                0x0000216e       0x1c src/ASF/xmega/drivers/usb/usb_device.o
 .text.udd_ctrl_send_zlp_in
                0x0000218a       0x1c src/ASF/xmega/drivers/usb/usb_device.o
 .text.udd_ctrl_endofrequest
                0x000021a6       0x10 src/ASF/xmega/drivers/usb/usb_device.o
 .text.udd_ctrl_in_sent
                0x000021b6       0xd8 src/ASF/xmega/drivers/usb/usb_device.o
 .text.udd_ep_get_size
                0x0000228e       0x4c src/ASF/xmega/drivers/usb/usb_device.o
 .text.udd_ep_get_job
                0x000022da       0x36 src/ASF/xmega/drivers/usb/usb_device.o
 .text.udd_ctrl_interrupt_tc_setup
                0x00002310       0xde src/ASF/xmega/drivers/usb/usb_device.o
 .text.udd_ep_trans_complet
                0x000023ee      0x2b4 src/ASF/xmega/drivers/usb/usb_device.o
 .text.udd_attach
                0x000026a2       0x46 src/ASF/xmega/drivers/usb/usb_device.o
                0x000026a2                udd_attach
 .text.udd_enable
                0x000026e8       0xce src/ASF/xmega/drivers/usb/usb_device.o
                0x000026e8                udd_enable
 .text.udd_set_address
                0x000027b6        0x6 src/ASF/xmega/drivers/usb/usb_device.o
                0x000027b6                udd_set_address
 .text.udd_getaddress
                0x000027bc        0x6 src/ASF/xmega/drivers/usb/usb_device.o
                0x000027bc                udd_getaddress
 .text.udd_set_setup_payload
                0x000027c2        0xe src/ASF/xmega/drivers/usb/usb_device.o
                0x000027c2                udd_set_setup_payload
 .text.udd_ep_alloc
                0x000027d0       0xea src/ASF/xmega/drivers/usb/usb_device.o
                0x000027d0                udd_ep_alloc
 .text.udd_ep_is_halted
                0x000028ba       0x36 src/ASF/xmega/drivers/usb/usb_device.o
                0x000028ba                udd_ep_is_halted
 .text.udd_ep_clear_halt
                0x000028f0       0x6a src/ASF/xmega/drivers/usb/usb_device.o
                0x000028f0                udd_ep_clear_halt
 .text.udd_ep_run
                0x0000295a      0x174 src/ASF/xmega/drivers/usb/usb_device.o
                0x0000295a                udd_ep_run
 .text.udd_ep_abort
                0x00002ace       0x92 src/ASF/xmega/drivers/usb/usb_device.o
                0x00002ace                udd_ep_abort
 .text.udd_ep_free
                0x00002b60       0x38 src/ASF/xmega/drivers/usb/usb_device.o
                0x00002b60                udd_ep_free
 .text.udd_ep_set_halt
                0x00002b98       0x5a src/ASF/xmega/drivers/usb/usb_device.o
                0x00002b98                udd_ep_set_halt
 .text.__vector_125
                0x00002bf2      0x164 src/ASF/xmega/drivers/usb/usb_device.o
                0x00002bf2                __vector_125
 .text.__vector_126
                0x00002d56      0x1d4 src/ASF/xmega/drivers/usb/usb_device.o
                0x00002d56                __vector_126
 .text.libgcc.div
                0x00002f2a       0x28 c:/program files (x86)/atmel/studio/7.0/toolchain/avr8/avr8-gnu-toolchain/bin/../lib/gcc/avr/4.9.2/avrxmega2\libgcc.a(_udivmodhi4.o)
                0x00002f2a                __udivmodhi4
 .text.libgcc.div
                0x00002f52       0x26 c:/program files (x86)/atmel/studio/7.0/toolchain/avr8/avr8-gnu-toolchain/bin/../lib/gcc/avr/4.9.2/avrxmega2\libgcc.a(_divmodhi4.o)
                0x00002f52                _div
                0x00002f52                __divmodhi4
 .text.libgcc   0x00002f78        0xc c:/program files (x86)/atmel/studio/7.0/toolchain/avr8/avr8-gnu-toolchain/bin/../lib/gcc/avr/4.9.2/avrxmega2\libgcc.a(_tablejump2.o)
                0x00002f78                __tablejump2__
 .text.avr-libc
                0x00002f84       0x12 c:/program files (x86)/atmel/studio/7.0/toolchain/avr8/avr8-gnu-toolchain/bin/../lib/gcc/avr/4.9.2/../../../../avr/lib/avrxmega2\libc.a(memcpy.o)
                0x00002f84                memcpy
                0x00002f96                . = ALIGN (0x2)
 *(.fini9)
 .fini9         0x00002f96        0x0 c:/program files (x86)/atmel/studio/7.0/toolchain/avr8/avr8-gnu-toolchain/bin/../lib/gcc/avr/4.9.2/avrxmega2\libgcc.a(_exit.o)
                0x00002f96                _exit
                0x00002f96                exit
 *(.fini9)
 *(.fini8)
 *(.fini8)
 *(.fini7)
 *(.fini7)
 *(.fini6)
 *(.fini6)
 *(.fini5)
 *(.fini5)
 *(.fini4)
 *(.fini4)
 *(.fini3)
 *(.fini3)
 *(.fini2)
 *(.fini2)
 *(.fini1)
 *(.fini1)
 *(.fini0)
 .fini0         0x00002f96        0x4 c:/program files (x86)/atmel/studio/7.0/toolchain/avr8/avr8-gnu-toolchain/bin/../lib/gcc/avr/4.9.2/avrxmega2\libgcc.a(_exit.o)
 *(.fini0)
                0x00002f9a                _etext = .

.data           0x00802000       0x8c load address 0x00002f9a
                0x00802000                PROVIDE (__data_start, .)
 *(.data)
 *(.data*)
 .data.layer2_counter
                0x00802000        0x2 src/tiny_calibration.o
                0x00802000                layer2_counter
 .data.inarow   0x00802002        0x1 src/tiny_calibration.o
                0x00802002                inarow
 .data.last_val
                0x00802003        0x2 src/tiny_calibration.o
                0x00802003                last_val
 .data.warmup   0x00802005        0x1 src/tiny_calibration.o
                0x00802005                warmup
 .data.median_TRFCNT_delay
                0x00802006        0x1 src/tiny_calibration.o
                0x00802006                median_TRFCNT_delay
 .data.median_TRFCNT
                0x00802007        0x2 src/main.o
                0x00802007                median_TRFCNT
 .data.global_mode
                0x00802009        0x1 src/main.o
                0x00802009                global_mode
 .data.dummy    0x0080200a        0x1 src/main.o
                0x0080200a                dummy
 .data.auxDacBufLen
                0x0080200b        0x2 src/main.o
                0x0080200b                auxDacBufLen
 .data.dacBuf_len
                0x0080200d        0x2 src/main.o
                0x0080200d                dacBuf_len
 .data.udi_api_vendor
                0x0080200f        0xa src/ASF/common/services/usb/class/vendor/device/udi_vendor.o
                0x0080200f                udi_api_vendor
 .data.udc_config
                0x00802019        0x6 src/ASF/common/services/usb/class/vendor/device/udi_vendor_desc.o
                0x00802019                udc_config
 .data.udc_config_lsfs
                0x0080201f        0x4 src/ASF/common/services/usb/class/vendor/device/udi_vendor_desc.o
                0x0080201f                udc_config_lsfs
 .data.udi_apis
                0x00802023        0x2 src/ASF/common/services/usb/class/vendor/device/udi_vendor_desc.o
                0x00802023                udi_apis
 *fill*         0x00802025        0x3 
 .data.udc_desc_fs
                0x00802028       0x1c src/ASF/common/services/usb/class/vendor/device/udi_vendor_desc.o
                0x00802028                udc_desc_fs
 .data.udc_device_desc
                0x00802044       0x14 src/ASF/common/services/usb/class/vendor/device/udi_vendor_desc.o
                0x00802044                udc_device_desc
 .data.udc_string_desc
                0x00802058       0x12 src/ASF/common/services/usb/udc/udc.o
 .data.udc_string_product_name
                0x0080206a        0x9 src/ASF/common/services/usb/udc/udc.o
 .data.udc_string_manufacturer_name
                0x00802073        0x8 src/ASF/common/services/usb/udc/udc.o
 *fill*         0x0080207b        0x1 
 .data.udc_string_desc_languageid
                0x0080207c        0x4 src/ASF/common/services/usb/udc/udc.o
 *(.rodata)
 *(.rodata*)
 .rodata.str1.1
                0x00802080        0x9 src/main.o
 *fill*         0x00802089        0x1 
 .rodata.firmver
                0x0080208a        0x2 src/main.o
                0x0080208a                firmver
 *(.gnu.linkonce.d*)
                0x0080208c                . = ALIGN (0x2)
                0x0080208c                _edata = .
                0x0080208c                PROVIDE (__data_end, .)

.bss            0x0080208c      0xb44
                0x0080208c                PROVIDE (__bss_start, .)
 *(.bss)
 *(.bss*)
 .bss.calibration_values_found
                0x0080208c        0x1 src/tiny_calibration.o
                0x0080208c                calibration_values_found
 .bss.outOfRange
                0x0080208d        0x4 src/tiny_calibration.o
                0x0080208d                outOfRange
 .bss.modeChanged
                0x00802091        0x1 src/main.o
                0x00802091                modeChanged
 .bss.debugOnNextEnd
                0x00802092        0x1 src/main.o
                0x00802092                debugOnNextEnd
 .bss.tcinit    0x00802093        0x1 src/main.o
                0x00802093                tcinit
 .bss.firstFrame
                0x00802094        0x1 src/main.o
                0x00802094                firstFrame
 .bss.PSU_target
                0x00802095        0x1 src/main.o
                0x00802095                PSU_target
 .bss.usb_state
                0x00802096        0x1 src/main.o
                0x00802096                usb_state
 .bss.b2_state  0x00802097        0x1 src/main.o
                0x00802097                b2_state
 .bss.b1_state  0x00802098        0x1 src/main.o
                0x00802098                b1_state
 .bss.main_b_vendor_enable
                0x00802099        0x1 src/main.o
                0x00802099                main_b_vendor_enable
 .bss.udi_vendor_alternate_setting
                0x0080209a        0x1 src/ASF/common/services/usb/class/vendor/device/udi_vendor.o
 .bss.udc_ep_status.5686
                0x0080209b        0x2 src/ASF/common/services/usb/udc/udc.o
 .bss.udc_ptr_iface
                0x0080209d        0x2 src/ASF/common/services/usb/udc/udc.o
 .bss.udc_ptr_conf
                0x0080209f        0x2 src/ASF/common/services/usb/udc/udc.o
 *fill*         0x008020a1        0x1 
 .bss.udc_num_configuration
                0x008020a2        0x2 src/ASF/common/services/usb/udc/udc.o
 .bss.udc_iface_setting
                0x008020a4        0x2 src/ASF/common/services/usb/udc/udc.o
 .bss.udc_device_status
                0x008020a6        0x2 src/ASF/common/services/usb/udc/udc.o
 .bss.b_shortpacket.5296
                0x008020a8        0x1 src/ASF/xmega/drivers/usb/usb_device.o
 .bss.udd_ep_out_cache_buffer
                0x008020a9       0x40 src/ASF/xmega/drivers/usb/usb_device.o
 .bss.udd_ep_job
                0x008020e9       0x12 src/ASF/xmega/drivers/usb/usb_device.o
 .bss.udd_ctrl_buffer
                0x008020fb       0x40 src/ASF/xmega/drivers/usb/usb_device.o
 .bss.udd_ctrl_payload_nb_trans
                0x0080213b        0x2 src/ASF/xmega/drivers/usb/usb_device.o
 .bss.udd_ctrl_prev_payload_nb_trans
                0x0080213d        0x2 src/ASF/xmega/drivers/usb/usb_device.o
 .bss.udd_ep_control_state
                0x0080213f        0x1 src/ASF/xmega/drivers/usb/usb_device.o
 .bss.udd_sram  0x00802140       0x2c src/ASF/xmega/drivers/usb/usb_device.o
 .bss.udd_b_idle
                0x0080216c        0x1 src/ASF/xmega/drivers/usb/usb_device.o
 *(COMMON)
 COMMON         0x0080216d        0x8 src/tiny_calibration.o
                0x0080216d                calChange
                0x0080216f                cali_value_positive_gradient
                0x00802170                calTemp
                0x00802172                cali_value_negative_gradient
                0x00802173                gradient
 *fill*         0x00802175        0x1 
 COMMON         0x00802176      0xa54 src/main.o
                0x00802176                debug_counter
                0x0080217a                dma_ch1_ran
                0x0080217c                dma_ch0_ran
                0x0080217e                uds
                0x0080219a                dacBuf_CH1
                0x0080239a                udd_g_ctrlreq
                0x008023aa                futureMode
                0x008023ab                dacBuf_CH2
                0x008025ab                eeprom_buffer_write
                0x008025cc                isoBuf
                0x00802ba8                eeprom_buffer_read
                0x00802bc8                currentTrfcnt
 COMMON         0x00802bca        0x6 src/ASF/common/services/sleepmgr/xmega/sleepmgr.o
                0x00802bca                sleepmgr_locks
                0x00802bd0                PROVIDE (__bss_end, .)
                0x00002f9a                __data_load_start = LOADADDR (.data)
                0x00003026                __data_load_end = (__data_load_start + SIZEOF (.data))

.noinit         0x00802bd0        0x0
                [!provide]                PROVIDE (__noinit_start, .)
 *(.noinit*)
                [!provide]                PROVIDE (__noinit_end, .)
                0x00802bd0                _end = .
                [!provide]                PROVIDE (__heap_start, .)

.eeprom         0x00810000        0x0
 *(.eeprom*)
                0x00810000                __eeprom_end = .

.fuse
 *(.fuse)
 *(.lfuse)
 *(.hfuse)
 *(.efuse)

.lock
 *(.lock*)

.signature
 *(.signature*)

.user_signatures
 *(.user_signatures*)

.stab
 *(.stab)

.stabstr
 *(.stabstr)

.stab.excl
 *(.stab.excl)

.stab.exclstr
 *(.stab.exclstr)

.stab.index
 *(.stab.index)

.stab.indexstr
 *(.stab.indexstr)

.comment        0x00000000       0x30
 *(.comment)
 .comment       0x00000000       0x30 src/tiny_calibration.o
                                 0x31 (size before relaxing)
 .comment       0x00000030       0x31 src/tiny_dig.o
 .comment       0x00000030       0x31 src/tiny_eeprom.o
 .comment       0x00000030       0x31 src/ASF/common/boards/user_board/init.o
 .comment       0x00000030       0x31 src/main.o
 .comment       0x00000030       0x31 src/tiny_adc.o
 .comment       0x00000030       0x31 src/tiny_dac.o
 .comment       0x00000030       0x31 src/tiny_dma.o
 .comment       0x00000030       0x31 src/tiny_timer.o
 .comment       0x00000030       0x31 src/tiny_uart.o
 .comment       0x00000030       0x31 src/ASF/common/services/clock/xmega/sysclk.o
 .comment       0x00000030       0x31 src/ASF/common/services/sleepmgr/xmega/sleepmgr.o
 .comment       0x00000030       0x31 src/ASF/common/services/usb/class/vendor/device/udi_vendor.o
 .comment       0x00000030       0x31 src/ASF/common/services/usb/class/vendor/device/udi_vendor_desc.o
 .comment       0x00000030       0x31 src/ASF/common/services/usb/udc/udc.o
 .comment       0x00000030       0x31 src/ASF/xmega/drivers/nvm/nvm.o
 .comment       0x00000030       0x31 src/ASF/xmega/drivers/usb/usb_device.o

.note.gnu.avr.deviceinfo
                0x00000000       0x40
 .note.gnu.avr.deviceinfo
                0x00000000       0x40 C:/Program Files (x86)/Atmel/Studio/7.0/Packs/atmel/XMEGAA_DFP/1.0.39/gcc/dev/atxmega32a4u/avrxmega2/crtatxmega32a4u.o

.note.gnu.build-id
 *(.note.gnu.build-id)

.debug
 *(.debug)

.line
 *(.line)

.debug_srcinfo
 *(.debug_srcinfo)

.debug_sfnames
 *(.debug_sfnames)

.debug_aranges  0x00000000      0x600
 *(.debug_aranges)
 .debug_aranges
                0x00000000       0x60 src/tiny_calibration.o
 .debug_aranges
                0x00000060       0x20 src/tiny_dig.o
 .debug_aranges
                0x00000080       0x28 src/tiny_eeprom.o
 .debug_aranges
                0x000000a8       0x20 src/ASF/common/boards/user_board/init.o
 .debug_aranges
                0x000000c8       0x68 src/main.o
 .debug_aranges
                0x00000130       0x48 src/tiny_adc.o
 .debug_aranges
                0x00000178       0x20 src/tiny_dac.o
 .debug_aranges
                0x00000198       0xb8 src/tiny_dma.o
 .debug_aranges
                0x00000250       0x28 src/tiny_timer.o
 .debug_aranges
                0x00000278       0x38 src/tiny_uart.o
 .debug_aranges
                0x000002b0       0x40 src/ASF/common/services/clock/xmega/sysclk.o
 .debug_aranges
                0x000002f0       0x18 src/ASF/common/services/sleepmgr/xmega/sleepmgr.o
 .debug_aranges
                0x00000308       0x48 src/ASF/common/services/usb/class/vendor/device/udi_vendor.o
 .debug_aranges
                0x00000350       0x18 src/ASF/common/services/usb/class/vendor/device/udi_vendor_desc.o
 .debug_aranges
                0x00000368       0x70 src/ASF/common/services/usb/udc/udc.o
 .debug_aranges
                0x000003d8       0x20 src/ASF/xmega/drivers/cpu/ccp.o
 .debug_aranges
                0x000003f8       0xc0 src/ASF/xmega/drivers/nvm/nvm.o
 .debug_aranges
                0x000004b8       0x28 src/ASF/xmega/drivers/nvm/nvm_asm.o
 .debug_aranges
                0x000004e0      0x120 src/ASF/xmega/drivers/usb/usb_device.o

.debug_pubnames
 *(.debug_pubnames)

.debug_info     0x00000000     0xdb75
 *(.debug_info .gnu.linkonce.wi.*)
 .debug_info    0x00000000     0x114b src/tiny_calibration.o
 .debug_info    0x0000114b      0x297 src/tiny_dig.o
 .debug_info    0x000013e2      0x285 src/tiny_eeprom.o
 .debug_info    0x00001667      0x106 src/ASF/common/boards/user_board/init.o
 .debug_info    0x0000176d     0x14b9 src/main.o
 .debug_info    0x00002c26      0x9cc src/tiny_adc.o
 .debug_info    0x000035f2      0x5f0 src/tiny_dac.o
 .debug_info    0x00003be2     0x1412 src/tiny_dma.o
 .debug_info    0x00004ff4     0x17b4 src/tiny_timer.o
 .debug_info    0x000067a8      0x502 src/tiny_uart.o
 .debug_info    0x00006caa      0xc3d src/ASF/common/services/clock/xmega/sysclk.o
 .debug_info    0x000078e7      0x121 src/ASF/common/services/sleepmgr/xmega/sleepmgr.o
 .debug_info    0x00007a08      0x52f src/ASF/common/services/usb/class/vendor/device/udi_vendor.o
 .debug_info    0x00007f37      0x5e9 src/ASF/common/services/usb/class/vendor/device/udi_vendor_desc.o
 .debug_info    0x00008520     0x2395 src/ASF/common/services/usb/udc/udc.o
 .debug_info    0x0000a8b5       0x91 src/ASF/xmega/drivers/cpu/ccp.o
 .debug_info    0x0000a946     0x13a6 src/ASF/xmega/drivers/nvm/nvm.o
 .debug_info    0x0000bcec       0x91 src/ASF/xmega/drivers/nvm/nvm_asm.o
 .debug_info    0x0000bd7d     0x1df8 src/ASF/xmega/drivers/usb/usb_device.o

.debug_abbrev   0x00000000     0x24f0
 *(.debug_abbrev)
 .debug_abbrev  0x00000000      0x271 src/tiny_calibration.o
 .debug_abbrev  0x00000271       0xcc src/tiny_dig.o
 .debug_abbrev  0x0000033d      0x139 src/tiny_eeprom.o
 .debug_abbrev  0x00000476       0x8b src/ASF/common/boards/user_board/init.o
 .debug_abbrev  0x00000501      0x348 src/main.o
 .debug_abbrev  0x00000849      0x1f0 src/tiny_adc.o
 .debug_abbrev  0x00000a39      0x161 src/tiny_dac.o
 .debug_abbrev  0x00000b9a      0x238 src/tiny_dma.o
 .debug_abbrev  0x00000dd2      0x175 src/tiny_timer.o
 .debug_abbrev  0x00000f47      0x12b src/tiny_uart.o
 .debug_abbrev  0x00001072      0x2cd src/ASF/common/services/clock/xmega/sysclk.o
 .debug_abbrev  0x0000133f       0x80 src/ASF/common/services/sleepmgr/xmega/sleepmgr.o
 .debug_abbrev  0x000013bf      0x1e3 src/ASF/common/services/usb/class/vendor/device/udi_vendor.o
 .debug_abbrev  0x000015a2       0xef src/ASF/common/services/usb/class/vendor/device/udi_vendor_desc.o
 .debug_abbrev  0x00001691      0x471 src/ASF/common/services/usb/udc/udc.o
 .debug_abbrev  0x00001b02       0x14 src/ASF/xmega/drivers/cpu/ccp.o
 .debug_abbrev  0x00001b16      0x3f4 src/ASF/xmega/drivers/nvm/nvm.o
 .debug_abbrev  0x00001f0a       0x12 src/ASF/xmega/drivers/nvm/nvm_asm.o
 .debug_abbrev  0x00001f1c      0x5d4 src/ASF/xmega/drivers/usb/usb_device.o

.debug_line     0x00000000     0xaced
 *(.debug_line .debug_line.* .debug_line_end)
 .debug_line    0x00000000      0xb9d src/tiny_calibration.o
 .debug_line    0x00000b9d      0x7d5 src/tiny_dig.o
 .debug_line    0x00001372      0x821 src/tiny_eeprom.o
 .debug_line    0x00001b93      0x7b7 src/ASF/common/boards/user_board/init.o
 .debug_line    0x0000234a      0xb68 src/main.o
 .debug_line    0x00002eb2      0x994 src/tiny_adc.o
 .debug_line    0x00003846      0x830 src/tiny_dac.o
 .debug_line    0x00004076     0x13c8 src/tiny_dma.o
 .debug_line    0x0000543e      0x8de src/tiny_timer.o
 .debug_line    0x00005d1c      0x87e src/tiny_uart.o
 .debug_line    0x0000659a      0x738 src/ASF/common/services/clock/xmega/sysclk.o
 .debug_line    0x00006cd2      0x455 src/ASF/common/services/sleepmgr/xmega/sleepmgr.o
 .debug_line    0x00007127      0x615 src/ASF/common/services/usb/class/vendor/device/udi_vendor.o
 .debug_line    0x0000773c      0x51b src/ASF/common/services/usb/class/vendor/device/udi_vendor_desc.o
 .debug_line    0x00007c57      0xecd src/ASF/common/services/usb/udc/udc.o
 .debug_line    0x00008b24       0x6e src/ASF/xmega/drivers/cpu/ccp.o
 .debug_line    0x00008b92      0xb42 src/ASF/xmega/drivers/nvm/nvm.o
 .debug_line    0x000096d4      0x11f src/ASF/xmega/drivers/nvm/nvm_asm.o
 .debug_line    0x000097f3     0x14fa src/ASF/xmega/drivers/usb/usb_device.o

.debug_frame    0x00000000      0xf30
 *(.debug_frame)
 .debug_frame   0x00000000       0xd0 src/tiny_calibration.o
 .debug_frame   0x000000d0       0x24 src/tiny_dig.o
 .debug_frame   0x000000f4       0x54 src/tiny_eeprom.o
 .debug_frame   0x00000148       0x24 src/ASF/common/boards/user_board/init.o
 .debug_frame   0x0000016c       0xd8 src/main.o
 .debug_frame   0x00000244       0x90 src/tiny_adc.o
 .debug_frame   0x000002d4       0x30 src/tiny_dac.o
 .debug_frame   0x00000304      0x200 src/tiny_dma.o
 .debug_frame   0x00000504       0x78 src/tiny_timer.o
 .debug_frame   0x0000057c       0x7c src/tiny_uart.o
 .debug_frame   0x000005f8       0x80 src/ASF/common/services/clock/xmega/sysclk.o
 .debug_frame   0x00000678       0x8c src/ASF/common/services/usb/class/vendor/device/udi_vendor.o
 .debug_frame   0x00000704      0x114 src/ASF/common/services/usb/udc/udc.o
 .debug_frame   0x00000818      0x340 src/ASF/xmega/drivers/nvm/nvm.o
 .debug_frame   0x00000b58      0x3d8 src/ASF/xmega/drivers/usb/usb_device.o

.debug_str      0x00000000    0x30168
 *(.debug_str)
 .debug_str     0x00000000    0x281b0 src/tiny_calibration.o
                              0x289e8 (size before relaxing)
 .debug_str     0x000281b0       0xd7 src/tiny_dig.o
                              0x27a6a (size before relaxing)
 .debug_str     0x00028287       0xfc src/tiny_eeprom.o
                              0x27aa5 (size before relaxing)
 .debug_str     0x00028383       0x36 src/ASF/common/boards/user_board/init.o
                              0x27998 (size before relaxing)
 .debug_str     0x000283b9      0x6aa src/main.o
                              0x28bc1 (size before relaxing)
 .debug_str     0x00028a63      0xaf0 src/tiny_adc.o
                              0x28c48 (size before relaxing)
 .debug_str     0x00029553      0x130 src/tiny_dac.o
                              0x28190 (size before relaxing)
 .debug_str     0x00029683      0xf3b src/tiny_dma.o
                              0x2951b (size before relaxing)
 .debug_str     0x0002a5be      0xe8a src/tiny_timer.o
                              0x29333 (size before relaxing)
 .debug_str     0x0002b448      0x218 src/tiny_uart.o
                              0x281ec (size before relaxing)
 .debug_str     0x0002b660      0x302 src/ASF/common/services/clock/xmega/sysclk.o
                              0x2598f (size before relaxing)
 .debug_str     0x0002b962       0x96 src/ASF/common/services/sleepmgr/xmega/sleepmgr.o
                              0x24246 (size before relaxing)
 .debug_str     0x0002b9f8      0x1aa src/ASF/common/services/usb/class/vendor/device/udi_vendor.o
                              0x265c6 (size before relaxing)
 .debug_str     0x0002bba2      0x3e0 src/ASF/common/services/usb/class/vendor/device/udi_vendor_desc.o
                              0x265e1 (size before relaxing)
 .debug_str     0x0002bf82      0x7bd src/ASF/common/services/usb/udc/udc.o
                              0x292af (size before relaxing)
 .debug_str     0x0002c73f      0x4cd src/ASF/xmega/drivers/nvm/nvm.o
                              0x24a5c (size before relaxing)
 .debug_str     0x0002cc0c     0x355c src/ASF/xmega/drivers/usb/usb_device.o
                              0x2b6d6 (size before relaxing)

.debug_loc      0x00000000     0x37a1
 *(.debug_loc)
 .debug_loc     0x00000000      0x2dc src/tiny_calibration.o
 .debug_loc     0x000002dc       0xb6 src/tiny_eeprom.o
 .debug_loc     0x00000392       0xf5 src/main.o
 .debug_loc     0x00000487      0x199 src/tiny_adc.o
 .debug_loc     0x00000620       0x2f src/tiny_dac.o
 .debug_loc     0x0000064f      0x27e src/tiny_dma.o
 .debug_loc     0x000008cd      0x11c src/tiny_timer.o
 .debug_loc     0x000009e9       0xa5 src/tiny_uart.o
 .debug_loc     0x00000a8e      0x320 src/ASF/common/services/clock/xmega/sysclk.o
 .debug_loc     0x00000dae      0x1a2 src/ASF/common/services/usb/class/vendor/device/udi_vendor.o
 .debug_loc     0x00000f50      0x4d3 src/ASF/common/services/usb/udc/udc.o
 .debug_loc     0x00001423     0x11f9 src/ASF/xmega/drivers/nvm/nvm.o
 .debug_loc     0x0000261c     0x1185 src/ASF/xmega/drivers/usb/usb_device.o

.debug_macinfo
 *(.debug_macinfo)

.debug_weaknames
 *(.debug_weaknames)

.debug_funcnames
 *(.debug_funcnames)

.debug_typenames
 *(.debug_typenames)

.debug_varnames
 *(.debug_varnames)

.debug_pubtypes
 *(.debug_pubtypes)

.debug_ranges   0x00000000      0x518
 *(.debug_ranges)
 .debug_ranges  0x00000000       0x50 src/tiny_calibration.o
 .debug_ranges  0x00000050       0x10 src/tiny_dig.o
 .debug_ranges  0x00000060       0x18 src/tiny_eeprom.o
 .debug_ranges  0x00000078       0x10 src/ASF/common/boards/user_board/init.o
 .debug_ranges  0x00000088       0x58 src/main.o
 .debug_ranges  0x000000e0       0x38 src/tiny_adc.o
 .debug_ranges  0x00000118       0x10 src/tiny_dac.o
 .debug_ranges  0x00000128       0xa8 src/tiny_dma.o
 .debug_ranges  0x000001d0       0x18 src/tiny_timer.o
 .debug_ranges  0x000001e8       0x28 src/tiny_uart.o
 .debug_ranges  0x00000210       0x30 src/ASF/common/services/clock/xmega/sysclk.o
 .debug_ranges  0x00000240       0x38 src/ASF/common/services/usb/class/vendor/device/udi_vendor.o
 .debug_ranges  0x00000278       0x78 src/ASF/common/services/usb/udc/udc.o
 .debug_ranges  0x000002f0       0xc8 src/ASF/xmega/drivers/nvm/nvm.o
 .debug_ranges  0x000003b8       0x20 src/ASF/xmega/drivers/nvm/nvm_asm.o
 .debug_ranges  0x000003d8      0x140 src/ASF/xmega/drivers/usb/usb_device.o

.debug_macro    0x00000000     0xc3d5
 *(.debug_macro)
 .debug_macro   0x00000000      0x36a src/tiny_calibration.o
 .debug_macro   0x0000036a      0xa5a src/tiny_calibration.o
 .debug_macro   0x00000dc4       0x10 src/tiny_calibration.o
 .debug_macro   0x00000dd4      0x1c9 src/tiny_calibration.o
 .debug_macro   0x00000f9d      0x2fc src/tiny_calibration.o
 .debug_macro   0x00001299       0x9e src/tiny_calibration.o
 .debug_macro   0x00001337     0x5623 src/tiny_calibration.o
 .debug_macro   0x0000695a       0x9a src/tiny_calibration.o
 .debug_macro   0x000069f4       0xf1 src/tiny_calibration.o
 .debug_macro   0x00006ae5       0x34 src/tiny_calibration.o
 .debug_macro   0x00006b19       0x10 src/tiny_calibration.o
 .debug_macro   0x00006b29       0x18 src/tiny_calibration.o
 .debug_macro   0x00006b41       0x5e src/tiny_calibration.o
 .debug_macro   0x00006b9f       0x10 src/tiny_calibration.o
 .debug_macro   0x00006baf       0x22 src/tiny_calibration.o
 .debug_macro   0x00006bd1      0x166 src/tiny_calibration.o
 .debug_macro   0x00006d37       0x1c src/tiny_calibration.o
 .debug_macro   0x00006d53       0x35 src/tiny_calibration.o
 .debug_macro   0x00006d88       0x66 src/tiny_calibration.o
 .debug_macro   0x00006dee      0x4d1 src/tiny_calibration.o
 .debug_macro   0x000072bf       0x97 src/tiny_calibration.o
 .debug_macro   0x00007356       0x17 src/tiny_calibration.o
 .debug_macro   0x0000736d      0x250 src/tiny_calibration.o
 .debug_macro   0x000075bd       0x76 src/tiny_calibration.o
 .debug_macro   0x00007633       0x16 src/tiny_calibration.o
 .debug_macro   0x00007649      0x6e3 src/tiny_calibration.o
 .debug_macro   0x00007d2c       0x10 src/tiny_calibration.o
 .debug_macro   0x00007d3c      0x175 src/tiny_calibration.o
 .debug_macro   0x00007eb1       0x40 src/tiny_calibration.o
 .debug_macro   0x00007ef1       0x69 src/tiny_calibration.o
 .debug_macro   0x00007f5a       0x32 src/tiny_calibration.o
 .debug_macro   0x00007f8c       0xe4 src/tiny_calibration.o
 .debug_macro   0x00008070       0x34 src/tiny_calibration.o
 .debug_macro   0x000080a4      0x256 src/tiny_calibration.o
 .debug_macro   0x000082fa       0x7c src/tiny_calibration.o
 .debug_macro   0x00008376       0x26 src/tiny_calibration.o
 .debug_macro   0x0000839c       0x42 src/tiny_calibration.o
 .debug_macro   0x000083de       0x10 src/tiny_calibration.o
 .debug_macro   0x000083ee       0x2e src/tiny_calibration.o
 .debug_macro   0x0000841c       0x68 src/tiny_calibration.o
 .debug_macro   0x00008484       0x2f src/tiny_calibration.o
 .debug_macro   0x000084b3      0x154 src/tiny_calibration.o
 .debug_macro   0x00008607       0x76 src/tiny_calibration.o
 .debug_macro   0x0000867d       0x95 src/tiny_calibration.o
 .debug_macro   0x00008712       0x4c src/tiny_calibration.o
 .debug_macro   0x0000875e      0x244 src/tiny_calibration.o
 .debug_macro   0x000089a2      0x17e src/tiny_calibration.o
 .debug_macro   0x00008b20       0x1c src/tiny_calibration.o
 .debug_macro   0x00008b3c       0x16 src/tiny_calibration.o
 .debug_macro   0x00008b52       0x1c src/tiny_calibration.o
 .debug_macro   0x00008b6e       0x7b src/tiny_calibration.o
 .debug_macro   0x00008be9       0x58 src/tiny_calibration.o
 .debug_macro   0x00008c41       0x10 src/tiny_calibration.o
 .debug_macro   0x00008c51       0xf2 src/tiny_calibration.o
 .debug_macro   0x00008d43      0x325 src/tiny_dig.o
 .debug_macro   0x00009068      0x320 src/tiny_eeprom.o
 .debug_macro   0x00009388       0x10 src/tiny_eeprom.o
 .debug_macro   0x00009398      0x317 src/ASF/common/boards/user_board/init.o
 .debug_macro   0x000096af      0x3a7 src/main.o
 .debug_macro   0x00009a56       0x97 src/main.o
 .debug_macro   0x00009aed       0xaa src/main.o
 .debug_macro   0x00009b97       0xef src/main.o
 .debug_macro   0x00009c86       0x16 src/main.o
 .debug_macro   0x00009c9c      0x362 src/tiny_adc.o
 .debug_macro   0x00009ffe      0x355 src/tiny_dac.o
 .debug_macro   0x0000a353      0x387 src/tiny_dma.o
 .debug_macro   0x0000a6da      0x160 src/tiny_dma.o
 .debug_macro   0x0000a83a      0x357 src/tiny_timer.o
 .debug_macro   0x0000ab91      0x34b src/tiny_uart.o
 .debug_macro   0x0000aedc      0x1e6 src/ASF/common/services/clock/xmega/sysclk.o
 .debug_macro   0x0000b0c2      0x1a3 src/ASF/common/services/sleepmgr/xmega/sleepmgr.o
 .debug_macro   0x0000b265      0x23f src/ASF/common/services/usb/class/vendor/device/udi_vendor.o
 .debug_macro   0x0000b4a4      0x21f src/ASF/common/services/usb/class/vendor/device/udi_vendor_desc.o
 .debug_macro   0x0000b6c3      0x396 src/ASF/common/services/usb/udc/udc.o
 .debug_macro   0x0000ba59       0x16 src/ASF/common/services/usb/udc/udc.o
 .debug_macro   0x0000ba6f       0x5a src/ASF/common/services/usb/udc/udc.o
 .debug_macro   0x0000bac9      0x198 src/ASF/xmega/drivers/nvm/nvm.o
 .debug_macro   0x0000bc61      0x30a src/ASF/xmega/drivers/usb/usb_device.o
 .debug_macro   0x0000bf6b      0x46a src/ASF/xmega/drivers/usb/usb_device.o
OUTPUT(USB_BULK_TEST.elf elf32-avr)
LOAD linker stubs
